Archive member included because of file (symbol)

/usr/lib/libc_nonshared.a(elf-init.oS)
                              /usr/lib/gcc/i486-linux-gnu/4.4.3/../../../../lib/crt1.o (__libc_csu_fini)

Allocating common symbols
Common symbol       size              file

keyboard_origtty    0x3c              lpc21isp.o

Discarded input sections

 .note.GNU-stack
                0x0000000000000000        0x0 /usr/lib/gcc/i486-linux-gnu/4.4.3/../../../../lib/crt1.o
 .gnu_debuglink
                0x0000000000000000        0xc /usr/lib/gcc/i486-linux-gnu/4.4.3/../../../../lib/crt1.o
 .note.GNU-stack
                0x0000000000000000        0x0 /usr/lib/gcc/i486-linux-gnu/4.4.3/../../../../lib/crti.o
 .gnu_debuglink
                0x0000000000000000        0xc /usr/lib/gcc/i486-linux-gnu/4.4.3/../../../../lib/crti.o
 .note.GNU-stack
                0x0000000000000000        0x0 /usr/lib/gcc/i486-linux-gnu/4.4.3/crtbegin.o
 .note.GNU-stack
                0x0000000000000000        0x0 adprog.o
 .note.GNU-stack
                0x0000000000000000        0x0 lpc21isp.o
 .note.GNU-stack
                0x0000000000000000        0x0 lpcprog.o
 .note.GNU-stack
                0x0000000000000000        0x0 lpcterm.o
 .group         0x0000000000000000        0x8 /usr/lib/libc_nonshared.a(elf-init.oS)
 .note.GNU-stack
                0x0000000000000000        0x0 /usr/lib/libc_nonshared.a(elf-init.oS)
 .note.GNU-stack
                0x0000000000000000        0x0 /usr/lib/gcc/i486-linux-gnu/4.4.3/crtend.o
 .note.GNU-stack
                0x0000000000000000        0x0 /usr/lib/gcc/i486-linux-gnu/4.4.3/../../../../lib/crtn.o
 .gnu_debuglink
                0x0000000000000000        0xc /usr/lib/gcc/i486-linux-gnu/4.4.3/../../../../lib/crtn.o

Memory Configuration

Name             Origin             Length             Attributes
*default*        0x0000000000000000 0xffffffffffffffff

Linker script and memory map

LOAD /usr/lib/gcc/i486-linux-gnu/4.4.3/../../../../lib/crt1.o
LOAD /usr/lib/gcc/i486-linux-gnu/4.4.3/../../../../lib/crti.o
LOAD /usr/lib/gcc/i486-linux-gnu/4.4.3/crtbegin.o
LOAD adprog.o
LOAD lpc21isp.o
LOAD lpcprog.o
LOAD lpcterm.o
LOAD /usr/lib/gcc/i486-linux-gnu/4.4.3/libgcc.a
LOAD /usr/lib/gcc/i486-linux-gnu/4.4.3/libgcc_s.so
LOAD /usr/lib/gcc/i486-linux-gnu/4.4.3/../../../../lib/libc.so
START GROUP
LOAD /lib/libc.so.6
LOAD /usr/lib/libc_nonshared.a
LOAD /lib/ld-linux.so.2
END GROUP
LOAD /usr/lib/gcc/i486-linux-gnu/4.4.3/libgcc.a
LOAD /usr/lib/gcc/i486-linux-gnu/4.4.3/libgcc_s.so
LOAD /usr/lib/gcc/i486-linux-gnu/4.4.3/crtend.o
LOAD /usr/lib/gcc/i486-linux-gnu/4.4.3/../../../../lib/crtn.o
                0x0000000008048000                PROVIDE (__executable_start, 0x8048000)
                0x0000000008048134                . = (0x8048000 + SIZEOF_HEADERS)

.interp         0x0000000008048134       0x13
 *(.interp)
 .interp        0x0000000008048134       0x13 /usr/lib/gcc/i486-linux-gnu/4.4.3/../../../../lib/crt1.o

.note.ABI-tag   0x0000000008048148       0x20
 .note.ABI-tag  0x0000000008048148       0x20 /usr/lib/gcc/i486-linux-gnu/4.4.3/../../../../lib/crt1.o

.note.gnu.build-id
                0x0000000008048168       0x24
 *(.note.gnu.build-id)
 .note.gnu.build-id
                0x0000000008048168       0x24 /usr/lib/gcc/i486-linux-gnu/4.4.3/../../../../lib/crt1.o

.hash           0x000000000804818c       0xd8
 *(.hash)
 .hash          0x000000000804818c       0xd8 /usr/lib/gcc/i486-linux-gnu/4.4.3/../../../../lib/crt1.o

.gnu.hash       0x0000000008048264       0x24
 *(.gnu.hash)
 .gnu.hash      0x0000000008048264       0x24 /usr/lib/gcc/i486-linux-gnu/4.4.3/../../../../lib/crt1.o

.dynsym         0x0000000008048288      0x230
 *(.dynsym)
 .dynsym        0x0000000008048288      0x230 /usr/lib/gcc/i486-linux-gnu/4.4.3/../../../../lib/crt1.o

.dynstr         0x00000000080484b8      0x161
 *(.dynstr)
 .dynstr        0x00000000080484b8      0x161 /usr/lib/gcc/i486-linux-gnu/4.4.3/../../../../lib/crt1.o

.gnu.version    0x000000000804861a       0x46
 *(.gnu.version)
 .gnu.version   0x000000000804861a       0x46 /usr/lib/gcc/i486-linux-gnu/4.4.3/../../../../lib/crt1.o

.gnu.version_d  0x0000000008048660        0x0
 *(.gnu.version_d)
 .gnu.version_d
                0x0000000000000000        0x0 /usr/lib/gcc/i486-linux-gnu/4.4.3/../../../../lib/crt1.o

.gnu.version_r  0x0000000008048660       0x40
 *(.gnu.version_r)
 .gnu.version_r
                0x0000000008048660       0x40 /usr/lib/gcc/i486-linux-gnu/4.4.3/../../../../lib/crt1.o

.rel.dyn        0x00000000080486a0       0x10
 *(.rel.init)
 *(.rel.text .rel.text.* .rel.gnu.linkonce.t.*)
 .rel.text      0x0000000000000000        0x0 /usr/lib/gcc/i486-linux-gnu/4.4.3/../../../../lib/crt1.o
 *(.rel.fini)
 *(.rel.rodata .rel.rodata.* .rel.gnu.linkonce.r.*)
 *(.rel.data.rel.ro* .rel.gnu.linkonce.d.rel.ro.*)
 *(.rel.data .rel.data.* .rel.gnu.linkonce.d.*)
 *(.rel.tdata .rel.tdata.* .rel.gnu.linkonce.td.*)
 *(.rel.tbss .rel.tbss.* .rel.gnu.linkonce.tb.*)
 *(.rel.ctors)
 *(.rel.dtors)
 *(.rel.got)
 .rel.got       0x00000000080486a0        0x8 /usr/lib/gcc/i486-linux-gnu/4.4.3/../../../../lib/crt1.o
 *(.rel.bss .rel.bss.* .rel.gnu.linkonce.b.*)
 .rel.bss       0x00000000080486a8        0x8 /usr/lib/gcc/i486-linux-gnu/4.4.3/../../../../lib/crt1.o
 *(.rel.ifunc)

.rel.plt        0x00000000080486b0      0x100
 *(.rel.plt)
 .rel.plt       0x00000000080486b0      0x100 /usr/lib/gcc/i486-linux-gnu/4.4.3/../../../../lib/crt1.o
                0x00000000080487b0                PROVIDE (__rel_iplt_start, .)
 *(.rel.iplt)
 .rel.iplt      0x0000000000000000        0x0 /usr/lib/gcc/i486-linux-gnu/4.4.3/../../../../lib/crt1.o
                0x00000000080487b0                PROVIDE (__rel_iplt_end, .)

.init           0x00000000080487b0       0x30
 *(.init)
 .init          0x00000000080487b0       0x22 /usr/lib/gcc/i486-linux-gnu/4.4.3/../../../../lib/crti.o
                0x00000000080487b0                _init
 .init          0x00000000080487d2        0x5 /usr/lib/gcc/i486-linux-gnu/4.4.3/crtbegin.o
 .init          0x00000000080487d7        0x5 /usr/lib/gcc/i486-linux-gnu/4.4.3/crtend.o
 .init          0x00000000080487dc        0x4 /usr/lib/gcc/i486-linux-gnu/4.4.3/../../../../lib/crtn.o

.plt            0x00000000080487e0      0x210
 *(.plt)
 .plt           0x00000000080487e0      0x210 /usr/lib/gcc/i486-linux-gnu/4.4.3/../../../../lib/crt1.o
                0x00000000080487f0                __errno_location@@GLIBC_2.0
                0x0000000008048800                open@@GLIBC_2.0
                0x0000000008048820                realloc@@GLIBC_2.0
                0x0000000008048830                __printf_chk@@GLIBC_2.3.4
                0x0000000008048840                write@@GLIBC_2.0
                0x0000000008048850                __libc_start_main@@GLIBC_2.0
                0x0000000008048860                tcgetattr@@GLIBC_2.0
                0x0000000008048870                read@@GLIBC_2.0
                0x0000000008048880                cfmakeraw@@GLIBC_2.0
                0x0000000008048890                usleep@@GLIBC_2.0
                0x00000000080488a0                strtol@@GLIBC_2.0
                0x00000000080488b0                fflush@@GLIBC_2.0
                0x00000000080488c0                tcflush@@GLIBC_2.0
                0x00000000080488d0                ioctl@@GLIBC_2.0
                0x00000000080488e0                __vsprintf_chk@@GLIBC_2.3.4
                0x00000000080488f0                memcpy@@GLIBC_2.0
                0x0000000008048900                strtoul@@GLIBC_2.0
                0x0000000008048910                strlen@@GLIBC_2.0
                0x0000000008048920                strcasecmp@@GLIBC_2.0
                0x0000000008048930                select@@GLIBC_2.0
                0x0000000008048940                close@@GLIBC_2.0
                0x0000000008048950                time@@GLIBC_2.0
                0x0000000008048960                malloc@@GLIBC_2.0
                0x0000000008048970                __stack_chk_fail@@GLIBC_2.4
                0x0000000008048980                tcsetattr@@GLIBC_2.0
                0x0000000008048990                fcntl@@GLIBC_2.0
                0x00000000080489a0                __sprintf_chk@@GLIBC_2.3.4
                0x00000000080489b0                strncmp@@GLIBC_2.0
                0x00000000080489c0                lseek@@GLIBC_2.0
                0x00000000080489d0                strcmp@@GLIBC_2.0
                0x00000000080489e0                exit@@GLIBC_2.0
 *(.iplt)
 .iplt          0x0000000000000000        0x0 /usr/lib/gcc/i486-linux-gnu/4.4.3/../../../../lib/crt1.o

.text           0x00000000080489f0     0x4cfc
 *(.text.unlikely .text.*_unlikely)
 *(.text .stub .text.* .gnu.linkonce.t.*)
 .text          0x00000000080489f0       0x24 /usr/lib/gcc/i486-linux-gnu/4.4.3/../../../../lib/crt1.o
                0x00000000080489f0                _start
 .text          0x0000000008048a14        0x0 /usr/lib/gcc/i486-linux-gnu/4.4.3/../../../../lib/crti.o
 *fill*         0x0000000008048a14        0xc 90909090
 .text          0x0000000008048a20       0x83 /usr/lib/gcc/i486-linux-gnu/4.4.3/crtbegin.o
 *fill*         0x0000000008048aa3        0xd 90909090
 .text          0x0000000008048ab0      0x53c adprog.o
                0x0000000008048e80                AnalogDevicesDownload
 *fill*         0x0000000008048fec        0x4 90909090
 .text          0x0000000008048ff0     0x2168 lpc21isp.o
                0x0000000008048ff0                ClearSerialPortBuffers
                0x00000000080490d0                ResetKeyboardTtySettings
                0x0000000008049100                PrepareKeyboardTtySettings
                0x0000000008049250                getch
                0x0000000008049280                DebugPrintf
                0x0000000008049310                DumpString
                0x0000000008049490                ReceiveComPortBlockComplete
                0x0000000008049550                ReceiveComPort
                0x00000000080496b0                SendComPortBlock
                0x0000000008049710                SendComPort
                0x0000000008049740                Ascii2Hex
                0x00000000080497a0                LoadFile
                0x0000000008049f60                ReadHexFile
                0x000000000804a4f0                Sleep
                0x000000000804a510                ControlModemLines
                0x000000000804a6c0                ResetTarget
                0x000000000804a7c0                PerformActions
                0x000000000804ab50                kbhit
                0x000000000804abc0                main
                0x000000000804b0c0                lpctest
 *fill*         0x000000000804b158        0x8 90909090
 .text          0x000000000804b160     0x2244 lpcprog.o
                0x000000000804b590                PhilipsDownload
 *fill*         0x000000000804d3a4        0xc 90909090
 .text          0x000000000804d3b0      0x29c lpcterm.o
                0x000000000804d3b0                Terminal
                0x000000000804d580                CheckTerminalParameters
 *fill*         0x000000000804d64c        0x4 90909090
 .text          0x000000000804d650       0x6a /usr/lib/libc_nonshared.a(elf-init.oS)
                0x000000000804d650                __libc_csu_fini
                0x000000000804d660                __libc_csu_init
 .text.__i686.get_pc_thunk.bx
                0x000000000804d6ba        0x4 /usr/lib/libc_nonshared.a(elf-init.oS)
                0x000000000804d6ba                __i686.get_pc_thunk.bx
 *fill*         0x000000000804d6be        0x2 90909090
 .text          0x000000000804d6c0       0x2a /usr/lib/gcc/i486-linux-gnu/4.4.3/crtend.o
 *fill*         0x000000000804d6ea        0x2 90909090
 .text          0x000000000804d6ec        0x0 /usr/lib/gcc/i486-linux-gnu/4.4.3/../../../../lib/crtn.o
 *(.gnu.warning)

.fini           0x000000000804d6ec       0x1c
 *(.fini)
 .fini          0x000000000804d6ec       0x13 /usr/lib/gcc/i486-linux-gnu/4.4.3/../../../../lib/crti.o
                0x000000000804d6ec                _fini
 .fini          0x000000000804d6ff        0x5 /usr/lib/gcc/i486-linux-gnu/4.4.3/crtbegin.o
 .fini          0x000000000804d704        0x4 /usr/lib/gcc/i486-linux-gnu/4.4.3/../../../../lib/crtn.o
                0x000000000804d708                PROVIDE (__etext, .)
                0x000000000804d708                PROVIDE (_etext, .)
                0x000000000804d708                PROVIDE (etext, .)

.rodata         0x000000000804d720     0x1d50
 *(.rodata .rodata.* .gnu.linkonce.r.*)
 .rodata        0x000000000804d720        0x4 /usr/lib/gcc/i486-linux-gnu/4.4.3/../../../../lib/crt1.o
                0x000000000804d720                _fp_hw
 .rodata.cst4   0x000000000804d724        0x4 /usr/lib/gcc/i486-linux-gnu/4.4.3/../../../../lib/crt1.o
                0x000000000804d724                _IO_stdin_used
 .rodata.str1.4
                0x000000000804d728      0x185 adprog.o
 .rodata.str1.1
                0x000000000804d8ad       0x5f adprog.o
 .rodata.str1.1
                0x000000000804d90c      0x308 lpc21isp.o
                                        0x310 (size before relaxing)
 .rodata.str1.4
                0x000000000804dc14      0x9e1 lpc21isp.o
 .rodata.str1.1
                0x000000000804e5f5      0x33f lpcprog.o
                                        0x362 (size before relaxing)
 .rodata.str1.4
                0x000000000804e934      0x8e0 lpcprog.o
 *fill*         0x000000000804f214        0xc 00
 .rodata        0x000000000804f220      0x190 lpcprog.o
 .rodata.str1.1
                0x000000000804f3b0       0x73 lpcterm.o
 *fill*         0x000000000804f423        0x1 00
 .rodata.str1.4
                0x000000000804f424       0x4c lpcterm.o
                                         0x4b (size before relaxing)

.rodata1
 *(.rodata1)

.eh_frame_hdr
 *(.eh_frame_hdr)

.eh_frame       0x000000000804f470        0x4
 *(.eh_frame)
 .eh_frame      0x000000000804f470        0x4 /usr/lib/gcc/i486-linux-gnu/4.4.3/crtend.o

.gcc_except_table
 *(.gcc_except_table .gcc_except_table.*)
                0x000000000804f474                . = (ALIGN (0x1000) - ((0x1000 - .) & 0xfff))
                0x0000000008050f0c                . = (0x1000 DATA_SEGMENT_ALIGN 0x1000)

.eh_frame
 *(.eh_frame)

.gcc_except_table
 *(.gcc_except_table .gcc_except_table.*)

.tdata
 *(.tdata .tdata.* .gnu.linkonce.td.*)

.tbss
 *(.tbss .tbss.* .gnu.linkonce.tb.*)
 *(.tcommon)

.preinit_array  0x0000000008050f0c        0x0
                0x0000000008050f0c                PROVIDE (__preinit_array_start, .)
 *(.preinit_array)
                0x0000000008050f0c                PROVIDE (__preinit_array_end, .)

.init_array     0x0000000008050f0c        0x0
                0x0000000008050f0c                PROVIDE (__init_array_start, .)
 *(SORT(.init_array.*))
 *(.init_array)
                0x0000000008050f0c                PROVIDE (__init_array_end, .)

.fini_array     0x0000000008050f0c        0x0
                0x0000000008050f0c                PROVIDE (__fini_array_start, .)
 *(.fini_array)
 *(SORT(.fini_array.*))
                0x0000000008050f0c                PROVIDE (__fini_array_end, .)

.ctors          0x0000000008050f0c        0x8
 *crtbegin.o(.ctors)
 .ctors         0x0000000008050f0c        0x4 /usr/lib/gcc/i486-linux-gnu/4.4.3/crtbegin.o
 *crtbegin?.o(.ctors)
 *(EXCLUDE_FILE(*crtend?.o *crtend.o) .ctors)
 *(SORT(.ctors.*))
 *(.ctors)
 .ctors         0x0000000008050f10        0x4 /usr/lib/gcc/i486-linux-gnu/4.4.3/crtend.o

.dtors          0x0000000008050f14        0x8
 *crtbegin.o(.dtors)
 .dtors         0x0000000008050f14        0x4 /usr/lib/gcc/i486-linux-gnu/4.4.3/crtbegin.o
 *crtbegin?.o(.dtors)
 *(EXCLUDE_FILE(*crtend?.o *crtend.o) .dtors)
 *(SORT(.dtors.*))
 *(.dtors)
 .dtors         0x0000000008050f18        0x4 /usr/lib/gcc/i486-linux-gnu/4.4.3/crtend.o
                0x0000000008050f18                __DTOR_END__

.jcr            0x0000000008050f1c        0x4
 *(.jcr)
 .jcr           0x0000000008050f1c        0x0 /usr/lib/gcc/i486-linux-gnu/4.4.3/crtbegin.o
 .jcr           0x0000000008050f1c        0x4 /usr/lib/gcc/i486-linux-gnu/4.4.3/crtend.o

.data.rel.ro
 *(.data.rel.ro.local* .gnu.linkonce.d.rel.ro.local.*)
 *(.data.rel.ro* .gnu.linkonce.d.rel.ro.*)

.dynamic        0x0000000008050f20       0xd0
 *(.dynamic)
 .dynamic       0x0000000008050f20       0xd0 /usr/lib/gcc/i486-linux-gnu/4.4.3/../../../../lib/crt1.o
                0x0000000008050f20                _DYNAMIC

.got            0x0000000008050ff0        0x4
 *(.got)
 .got           0x0000000008050ff0        0x4 /usr/lib/gcc/i486-linux-gnu/4.4.3/../../../../lib/crt1.o
 *(.igot)
                0x0000000008050ff4                . = (. DATA_SEGMENT_RELRO_END 0xc)

.got.plt        0x0000000008050ff4       0x8c
 *(.got.plt)
 .got.plt       0x0000000008050ff4       0x8c /usr/lib/gcc/i486-linux-gnu/4.4.3/../../../../lib/crt1.o
                0x0000000008050ff4                _GLOBAL_OFFSET_TABLE_
 *(.igot.plt)
 .igot.plt      0x0000000000000000        0x0 /usr/lib/gcc/i486-linux-gnu/4.4.3/../../../../lib/crt1.o

.data           0x0000000008051080      0x4bc
 *(.data .data.* .gnu.linkonce.d.*)
 .data          0x0000000008051080        0x4 /usr/lib/gcc/i486-linux-gnu/4.4.3/../../../../lib/crt1.o
                0x0000000008051080                data_start
                0x0000000008051080                __data_start
 .data          0x0000000008051084        0x0 /usr/lib/gcc/i486-linux-gnu/4.4.3/../../../../lib/crti.o
 .data          0x0000000008051084        0x4 /usr/lib/gcc/i486-linux-gnu/4.4.3/crtbegin.o
                0x0000000008051084                __dso_handle
 .data          0x0000000008051088        0x0 adprog.o
 .data          0x0000000008051088        0x4 lpc21isp.o
                0x0000000008051088                debug_level
 *fill*         0x000000000805108c       0x14 00
 .data          0x00000000080510a0      0x49c lpcprog.o
 .data          0x000000000805153c        0x0 lpcterm.o
 .data          0x000000000805153c        0x0 /usr/lib/libc_nonshared.a(elf-init.oS)
 .data          0x000000000805153c        0x0 /usr/lib/gcc/i486-linux-gnu/4.4.3/crtend.o
 .data          0x000000000805153c        0x0 /usr/lib/gcc/i486-linux-gnu/4.4.3/../../../../lib/crtn.o

.data1
 *(.data1)
                0x000000000805153c                _edata = .
                0x000000000805153c                PROVIDE (edata, .)
                0x000000000805153c                __bss_start = .

.bss            0x0000000008051540       0x5c
 *(.dynbss)
 .dynbss        0x0000000008051540        0x4 /usr/lib/gcc/i486-linux-gnu/4.4.3/../../../../lib/crt1.o
                0x0000000008051540                stdout@@GLIBC_2.0
 *(.bss .bss.* .gnu.linkonce.b.*)
 .bss           0x0000000008051544        0x0 /usr/lib/gcc/i486-linux-gnu/4.4.3/../../../../lib/crt1.o
 .bss           0x0000000008051544        0x0 /usr/lib/gcc/i486-linux-gnu/4.4.3/../../../../lib/crti.o
 .bss           0x0000000008051544        0x8 /usr/lib/gcc/i486-linux-gnu/4.4.3/crtbegin.o
 .bss           0x000000000805154c        0x0 adprog.o
 .bss           0x000000000805154c        0x0 lpc21isp.o
 .bss           0x000000000805154c        0x0 lpcprog.o
 .bss           0x000000000805154c        0x0 lpcterm.o
 .bss           0x000000000805154c        0x0 /usr/lib/libc_nonshared.a(elf-init.oS)
 .bss           0x000000000805154c        0x0 /usr/lib/gcc/i486-linux-gnu/4.4.3/crtend.o
 .bss           0x000000000805154c        0x0 /usr/lib/gcc/i486-linux-gnu/4.4.3/../../../../lib/crtn.o
 *(COMMON)
 *fill*         0x000000000805154c       0x14 00
 COMMON         0x0000000008051560       0x3c lpc21isp.o
                0x0000000008051560                keyboard_origtty
                0x000000000805159c                . = ALIGN ((. != 0x0)?0x4:0x1)
                0x000000000805159c                . = ALIGN (0x4)
                0x000000000805159c                . = ALIGN (0x4)
                0x000000000805159c                _end = .
                0x000000000805159c                PROVIDE (end, .)
                0x000000000805159c                . = DATA_SEGMENT_END (.)

.stab
 *(.stab)

.stabstr
 *(.stabstr)

.stab.excl
 *(.stab.excl)

.stab.exclstr
 *(.stab.exclstr)

.stab.index
 *(.stab.index)

.stab.indexstr
 *(.stab.indexstr)

.comment        0x0000000000000000       0x23
 *(.comment)
 .comment       0x0000000000000000       0x23 /usr/lib/gcc/i486-linux-gnu/4.4.3/crtbegin.o
                                         0x24 (size before relaxing)
 .comment       0x0000000000000000       0x24 adprog.o
 .comment       0x0000000000000000       0x24 lpc21isp.o
 .comment       0x0000000000000000       0x24 lpcprog.o
 .comment       0x0000000000000000       0x24 lpcterm.o
 .comment       0x0000000000000000       0x24 /usr/lib/libc_nonshared.a(elf-init.oS)
 .comment       0x0000000000000000       0x24 /usr/lib/gcc/i486-linux-gnu/4.4.3/crtend.o

.debug
 *(.debug)

.line
 *(.line)

.debug_srcinfo
 *(.debug_srcinfo)

.debug_sfnames
 *(.debug_sfnames)

.debug_aranges  0x0000000000000000       0x80
 *(.debug_aranges)
 .debug_aranges
                0x0000000000000000       0x20 adprog.o
 .debug_aranges
                0x0000000000000020       0x20 lpc21isp.o
 .debug_aranges
                0x0000000000000040       0x20 lpcprog.o
 .debug_aranges
                0x0000000000000060       0x20 lpcterm.o

.debug_pubnames
                0x0000000000000000      0x229
 *(.debug_pubnames)
 .debug_pubnames
                0x0000000000000000       0x2c adprog.o
 .debug_pubnames
                0x000000000000002c      0x19c lpc21isp.o
 .debug_pubnames
                0x00000000000001c8       0x26 lpcprog.o
 .debug_pubnames
                0x00000000000001ee       0x3b lpcterm.o

.debug_info     0x0000000000000000     0x37a6
 *(.debug_info .gnu.linkonce.wi.*)
 .debug_info    0x0000000000000000      0x98d adprog.o
 .debug_info    0x000000000000098d     0x1434 lpc21isp.o
 .debug_info    0x0000000000001dc1     0x1315 lpcprog.o
 .debug_info    0x00000000000030d6      0x6d0 lpcterm.o

.debug_abbrev   0x0000000000000000      0x937
 *(.debug_abbrev)
 .debug_abbrev  0x0000000000000000      0x23f adprog.o
 .debug_abbrev  0x000000000000023f      0x2e8 lpc21isp.o
 .debug_abbrev  0x0000000000000527      0x28b lpcprog.o
 .debug_abbrev  0x00000000000007b2      0x185 lpcterm.o

.debug_line     0x0000000000000000     0x11f9
 *(.debug_line)
 .debug_line    0x0000000000000000      0x201 adprog.o
 .debug_line    0x0000000000000201      0x7ae lpc21isp.o
 .debug_line    0x00000000000009af      0x6a7 lpcprog.o
 .debug_line    0x0000000000001056      0x1a3 lpcterm.o

.debug_frame    0x0000000000000000      0x43c
 *(.debug_frame)
 .debug_frame   0x0000000000000000       0xbc adprog.o
 .debug_frame   0x00000000000000bc      0x2b8 lpc21isp.o
 .debug_frame   0x0000000000000374       0x74 lpcprog.o
 .debug_frame   0x00000000000003e8       0x54 lpcterm.o

.debug_str      0x0000000000000000      0xe85
 *(.debug_str)
 .debug_str     0x0000000000000000      0x5b2 adprog.o
                                        0x620 (size before relaxing)
 .debug_str     0x00000000000005b2      0x489 lpc21isp.o
                                        0x93f (size before relaxing)
 .debug_str     0x0000000000000a3b      0x3b1 lpcprog.o
                                        0x8a6 (size before relaxing)
 .debug_str     0x0000000000000dec       0x99 lpcterm.o
                                        0x51e (size before relaxing)

.debug_loc      0x0000000000000000     0x21b3
 *(.debug_loc)
 .debug_loc     0x0000000000000000      0x3de adprog.o
 .debug_loc     0x00000000000003de     0x1454 lpc21isp.o
 .debug_loc     0x0000000000001832      0x7c8 lpcprog.o
 .debug_loc     0x0000000000001ffa      0x1b9 lpcterm.o

.debug_macinfo
 *(.debug_macinfo)

.debug_weaknames
 *(.debug_weaknames)

.debug_funcnames
 *(.debug_funcnames)

.debug_typenames
 *(.debug_typenames)

.debug_varnames
 *(.debug_varnames)

.debug_pubtypes
 *(.debug_pubtypes)

.debug_ranges   0x0000000000000000      0x398
 *(.debug_ranges)
 .debug_ranges  0x0000000000000000      0x1b0 lpc21isp.o
 .debug_ranges  0x00000000000001b0      0x1d0 lpcprog.o
 .debug_ranges  0x0000000000000380       0x18 lpcterm.o

.gnu.attributes
 *(.gnu.attributes)

/DISCARD/
 *(.note.GNU-stack)
 *(.gnu_debuglink)
 *(.gnu.lto_*)
OUTPUT(/home/zandar/EUROBOT/eurobot/build/lpceurobot/_compiled/bin-utils/lpc21isp elf32-i386)
