Archive member included because of file (symbol)

/media/DATA/programovani/C_mikrokontroler/lpc_board/build/lpceurobot/_compiled/lib/libeurobothw.a(error.o)
                              /media/DATA/programovani/C_mikrokontroler/lpc_board/build/lpceurobot/_compiled/lib/hwinit.o (error)
/media/DATA/programovani/C_mikrokontroler/lpc_board/build/lpceurobot/_compiled/lib/libeurobothw.a(startcfg.o)
                              /media/DATA/programovani/C_mikrokontroler/lpc_board/build/lpceurobot/_compiled/lib/hwinit.o (init_PLL)
/media/DATA/programovani/C_mikrokontroler/lpc_board/build/lpceurobot/_compiled/lib/libebb.a(adc.o)
                              main.o (init_adc)
/media/DATA/programovani/C_mikrokontroler/lpc_board/build/lpceurobot/_compiled/lib/libebb.a(uart.o)
                              uar.o (init_uart0)
/usr/arm-elf/gcc/4.4.4/bin/../lib/gcc/arm-elf/4.4.4/libgcc.a(_divsi3.o)
                              /media/DATA/programovani/C_mikrokontroler/lpc_board/build/lpceurobot/_compiled/lib/libeurobothw.a(startcfg.o) (__divsi3)
/usr/arm-elf/gcc/4.4.4/bin/../lib/gcc/arm-elf/4.4.4/libgcc.a(_dvmd_tls.o)
                              /usr/arm-elf/gcc/4.4.4/bin/../lib/gcc/arm-elf/4.4.4/libgcc.a(_divsi3.o) (__div0)

Allocating common symbols
Common symbol       size              file

adc_val             0x10              fsm_scope.o
cpu_ref_hz          0x4               fsm_scope.o
cpu_sys_hz          0x4               fsm_scope.o
msec_time           0x4               fsm_scope.o
fsm_scope           0x2eec            main.o

Memory Configuration

Name             Origin             Length             Attributes
FLASH            0x0000000000000000 0x000000000003e000 xr
RAM              0x0000000040000000 0x0000000000004000 rw
*default*        0x0000000000000000 0xffffffffffffffff

Linker script and memory map

LOAD /media/DATA/programovani/C_mikrokontroler/lpc_board/build/lpceurobot/_compiled/lib/crt0.o
LOAD /media/DATA/programovani/C_mikrokontroler/lpc_board/build/lpceurobot/_compiled/lib/initarray.o
LOAD /media/DATA/programovani/C_mikrokontroler/lpc_board/build/lpceurobot/_compiled/lib/hwinit.o
                0x0000000000000400                STACK_SIZE = 0x400

.ivec           0x0000000000000000       0x40
 *(.ivec)
 .ivec          0x0000000000000000       0x40 /media/DATA/programovani/C_mikrokontroler/lpc_board/build/lpceurobot/_compiled/lib/crt0.o
                0x0000000000000000                _boot

.text           0x0000000000000040     0x14ec
 *crt0.o(.text)
 .text          0x0000000000000040      0x114 /media/DATA/programovani/C_mikrokontroler/lpc_board/build/lpceurobot/_compiled/lib/crt0.o
                0x0000000000000040                _mainCRTStartup
                0x0000000000000040                _start
                0x0000000000000040                start
                0x0000000000000124                reset
                0x0000000000000124                abort
                0x0000000000000124                _reset
                0x0000000000000124                exit
 *(.text)
 .text          0x0000000000000154       0x3c /media/DATA/programovani/C_mikrokontroler/lpc_board/build/lpceurobot/_compiled/lib/initarray.o
                0x0000000000000154                __libc_init_array
 .text          0x0000000000000190       0x80 /media/DATA/programovani/C_mikrokontroler/lpc_board/build/lpceurobot/_compiled/lib/hwinit.o
                0x0000000000000190                __hardware_init
 .text          0x0000000000000210       0x68 fsm.o
                0x0000000000000210                init_fsm
                0x000000000000022c                run_fsm
 .text          0x0000000000000278      0x390 fsm_scope.o
                0x00000000000002a8                rotate_cursor
                0x000000000000032c                fsm_scope_init
 .text          0x0000000000000608      0x30c lcd.o
                0x0000000000000608                lcd_wait
                0x0000000000000638                lcd_out_data4
                0x0000000000000664                lcd_write_nibbles
                0x0000000000000750                lcd_write_control
                0x000000000000076c                lcd_gotoxy
                0x000000000000078c                lcd_init
                0x00000000000008c8                lcd_putchar
                0x00000000000008e4                lcd_print
 .text          0x0000000000000914      0x250 main.o
                0x0000000000000914                set_irq_handler
                0x0000000000000940                init_timer0
                0x000000000000097c                timer0_irq
                0x00000000000009dc                start_button
                0x0000000000000a00                blink_status_led
                0x0000000000000a54                init_periphery
                0x0000000000000ac8                main
 .text          0x0000000000000b64      0x11c uar.o
                0x0000000000000b64                init_uart
                0x0000000000000b90                uart_get_char
                0x0000000000000b94                uart_send_char
                0x0000000000000b9c                send_rs_int
                0x0000000000000c34                send_rs_str
 .text          0x0000000000000c80       0x48 /media/DATA/programovani/C_mikrokontroler/lpc_board/build/lpceurobot/_compiled/lib/libeurobothw.a(error.o)
                0x0000000000000c80                error
 .text          0x0000000000000cc8      0x3bc /media/DATA/programovani/C_mikrokontroler/lpc_board/build/lpceurobot/_compiled/lib/libeurobothw.a(startcfg.o)
                0x0000000000000cc8                wait
                0x0000000000000ccc                deb_led
                0x0000000000000d88                init_PLL
                0x0000000000000ef8                get_sys_speed
                0x0000000000000f40                init_MAM
                0x0000000000000fe4                set_APB
                0x0000000000000ffc                get_apb_speed
 .text          0x0000000000001084      0x12c /media/DATA/programovani/C_mikrokontroler/lpc_board/build/lpceurobot/_compiled/lib/libebb.a(adc.o)
                0x0000000000001084                adc_isr
                0x0000000000001160                init_adc
 .text          0x00000000000011b0      0x238 /media/DATA/programovani/C_mikrokontroler/lpc_board/build/lpceurobot/_compiled/lib/libebb.a(uart.o)
                0x00000000000011b0                init_uart0
                0x0000000000001280                uart1GetCh
                0x00000000000012a4                uart0GetCh
                0x00000000000012c8                uart1SendCh
                0x00000000000012f0                uart0SendCh
                0x0000000000001318                init_uart1
 .text          0x00000000000013e8      0x140 /usr/arm-elf/gcc/4.4.4/bin/../lib/gcc/arm-elf/4.4.4/libgcc.a(_divsi3.o)
                0x00000000000013e8                __aeabi_idiv
                0x00000000000013e8                __divsi3
                0x0000000000001510                __aeabi_idivmod
 .text          0x0000000000001528        0x4 /usr/arm-elf/gcc/4.4.4/bin/../lib/gcc/arm-elf/4.4.4/libgcc.a(_dvmd_tls.o)
                0x0000000000001528                __aeabi_ldiv0
                0x0000000000001528                __div0
                0x0000000000001528                __aeabi_idiv0
 *(.glue_7)
 .glue_7        0x0000000000000000        0x0 linker stubs
 *(.glue_7t)
 .glue_7t       0x0000000000000000        0x0 linker stubs
                0x000000000000152c                . = ALIGN (0x4)
                0x000000000000152c                _etext = .

.vfp11_veneer   0x000000000000152c        0x0
 .vfp11_veneer  0x0000000000000000        0x0 linker stubs

.v4_bx          0x000000000000152c        0x0
 .v4_bx         0x0000000000000000        0x0 linker stubs

.rodata         0x000000000000152c       0x58
 *(.rodata)
 .rodata        0x000000000000152c        0x4 fsm_scope.o
 *(.rodata*)
 .rodata.str1.4
                0x0000000000001530       0x54 fsm_scope.o
                0x0000000000001584                . = ALIGN (0x4)
                0x0000000000001584                PROVIDE (__init_array_start, .)

.init_array     0x0000000000001584        0x4
 *(.init_array)
 .init_array    0x0000000000001584        0x4 /media/DATA/programovani/C_mikrokontroler/lpc_board/build/lpceurobot/_compiled/lib/hwinit.o
                0x0000000000001584                fp
                0x0000000000001588                . = ALIGN (0x4)
                0x0000000000001588                PROVIDE (__init_array_end, .)
                0x0000000000001588                _datainit = LOADADDR (.data)

.data           0x0000000040000000        0x0 load address 0x0000000000001588
                0x0000000040000000                _data = .
 *(.data)
 .data          0x0000000040000000        0x0 /media/DATA/programovani/C_mikrokontroler/lpc_board/build/lpceurobot/_compiled/lib/crt0.o
 .data          0x0000000040000000        0x0 /media/DATA/programovani/C_mikrokontroler/lpc_board/build/lpceurobot/_compiled/lib/initarray.o
 .data          0x0000000040000000        0x0 /media/DATA/programovani/C_mikrokontroler/lpc_board/build/lpceurobot/_compiled/lib/hwinit.o
 .data          0x0000000040000000        0x0 fsm.o
 .data          0x0000000040000000        0x0 fsm_scope.o
 .data          0x0000000040000000        0x0 lcd.o
 .data          0x0000000040000000        0x0 main.o
 .data          0x0000000040000000        0x0 uar.o
 .data          0x0000000040000000        0x0 /media/DATA/programovani/C_mikrokontroler/lpc_board/build/lpceurobot/_compiled/lib/libeurobothw.a(error.o)
 .data          0x0000000040000000        0x0 /media/DATA/programovani/C_mikrokontroler/lpc_board/build/lpceurobot/_compiled/lib/libeurobothw.a(startcfg.o)
 .data          0x0000000040000000        0x0 /media/DATA/programovani/C_mikrokontroler/lpc_board/build/lpceurobot/_compiled/lib/libebb.a(adc.o)
 .data          0x0000000040000000        0x0 /media/DATA/programovani/C_mikrokontroler/lpc_board/build/lpceurobot/_compiled/lib/libebb.a(uart.o)
 .data          0x0000000040000000        0x0 /usr/arm-elf/gcc/4.4.4/bin/../lib/gcc/arm-elf/4.4.4/libgcc.a(_divsi3.o)
 .data          0x0000000040000000        0x0 /usr/arm-elf/gcc/4.4.4/bin/../lib/gcc/arm-elf/4.4.4/libgcc.a(_dvmd_tls.o)
                0x0000000040000000                . = ALIGN (0x4)
                0x0000000040000000                _edata = .

.bss            0x0000000040000000     0x2f34 load address 0x0000000000001588
                0x0000000040000000                __bss_start = .
                0x0000000040000000                __bss_start__ = .
 *(.bss)
 .bss           0x0000000040000000        0x0 /media/DATA/programovani/C_mikrokontroler/lpc_board/build/lpceurobot/_compiled/lib/crt0.o
 .bss           0x0000000040000000        0x0 /media/DATA/programovani/C_mikrokontroler/lpc_board/build/lpceurobot/_compiled/lib/initarray.o
 .bss           0x0000000040000000        0x0 /media/DATA/programovani/C_mikrokontroler/lpc_board/build/lpceurobot/_compiled/lib/hwinit.o
 .bss           0x0000000040000000        0x0 fsm.o
 .bss           0x0000000040000000       0x18 fsm_scope.o
 .bss           0x0000000040000018        0x4 lcd.o
 .bss           0x000000004000001c       0x10 main.o
                0x000000004000001c                timer_usec
                0x0000000040000024                timer_msec
 .bss           0x000000004000002c        0x0 uar.o
 .bss           0x000000004000002c        0x0 /media/DATA/programovani/C_mikrokontroler/lpc_board/build/lpceurobot/_compiled/lib/libeurobothw.a(error.o)
 .bss           0x000000004000002c        0x0 /media/DATA/programovani/C_mikrokontroler/lpc_board/build/lpceurobot/_compiled/lib/libeurobothw.a(startcfg.o)
 .bss           0x000000004000002c        0x0 /media/DATA/programovani/C_mikrokontroler/lpc_board/build/lpceurobot/_compiled/lib/libebb.a(adc.o)
 .bss           0x000000004000002c        0x0 /media/DATA/programovani/C_mikrokontroler/lpc_board/build/lpceurobot/_compiled/lib/libebb.a(uart.o)
 .bss           0x000000004000002c        0x0 /usr/arm-elf/gcc/4.4.4/bin/../lib/gcc/arm-elf/4.4.4/libgcc.a(_divsi3.o)
 .bss           0x000000004000002c        0x0 /usr/arm-elf/gcc/4.4.4/bin/../lib/gcc/arm-elf/4.4.4/libgcc.a(_dvmd_tls.o)
 *(COMMON)
 COMMON         0x000000004000002c       0x1c fsm_scope.o
                0x000000004000002c                adc_val
                0x000000004000003c                cpu_ref_hz
                0x0000000040000040                cpu_sys_hz
                0x0000000040000044                msec_time
 COMMON         0x0000000040000048     0x2eec main.o
                0x0000000040000048                fsm_scope
                0x0000000040002f34                . = ALIGN (0x4)
                0x0000000040002f34                __bss_end__ = .

.stack          0x0000000040002f34      0x400 load address 0x0000000000001588
                0x0000000040003334                . = (. + STACK_SIZE)
 *fill*         0x0000000040002f34      0x400 00
                0x0000000040003334                PROVIDE (_stack, .)
                0x0000000040003334                _end = .
                0x0000000040003334                PROVIDE (end, .)

.stab
 *(.stab)

.stabstr
 *(.stabstr)

.stab.excl
 *(.stab.excl)

.stab.exclstr
 *(.stab.exclstr)

.stab.index
 *(.stab.index)

.stab.indexstr
 *(.stab.indexstr)

.ARM.attributes
                0x0000000000000000       0x10
 .ARM.attributes
                0x0000000000000000       0x10 /media/DATA/programovani/C_mikrokontroler/lpc_board/build/lpceurobot/_compiled/lib/crt0.o
 .ARM.attributes
                0x0000000000000010       0x10 /media/DATA/programovani/C_mikrokontroler/lpc_board/build/lpceurobot/_compiled/lib/initarray.o
 .ARM.attributes
                0x0000000000000020       0x10 /media/DATA/programovani/C_mikrokontroler/lpc_board/build/lpceurobot/_compiled/lib/hwinit.o
 .ARM.attributes
                0x0000000000000030       0x10 fsm.o
 .ARM.attributes
                0x0000000000000040       0x10 fsm_scope.o
 .ARM.attributes
                0x0000000000000050       0x10 lcd.o
 .ARM.attributes
                0x0000000000000060       0x10 main.o
 .ARM.attributes
                0x0000000000000070       0x10 uar.o
 .ARM.attributes
                0x0000000000000080       0x10 /media/DATA/programovani/C_mikrokontroler/lpc_board/build/lpceurobot/_compiled/lib/libeurobothw.a(error.o)
 .ARM.attributes
                0x0000000000000090       0x10 /media/DATA/programovani/C_mikrokontroler/lpc_board/build/lpceurobot/_compiled/lib/libeurobothw.a(startcfg.o)
 .ARM.attributes
                0x00000000000000a0       0x10 /media/DATA/programovani/C_mikrokontroler/lpc_board/build/lpceurobot/_compiled/lib/libebb.a(adc.o)
 .ARM.attributes
                0x00000000000000b0       0x10 /media/DATA/programovani/C_mikrokontroler/lpc_board/build/lpceurobot/_compiled/lib/libebb.a(uart.o)
 .ARM.attributes
                0x00000000000000c0       0x10 /usr/arm-elf/gcc/4.4.4/bin/../lib/gcc/arm-elf/4.4.4/libgcc.a(_divsi3.o)
 .ARM.attributes
                0x00000000000000d0       0x10 /usr/arm-elf/gcc/4.4.4/bin/../lib/gcc/arm-elf/4.4.4/libgcc.a(_dvmd_tls.o)

.comment        0x0000000000000000       0x22
 *(.comment)
 .comment       0x0000000000000000       0x11 /media/DATA/programovani/C_mikrokontroler/lpc_board/build/lpceurobot/_compiled/lib/initarray.o
                                         0x12 (size before relaxing)
 .comment       0x0000000000000000       0x12 /media/DATA/programovani/C_mikrokontroler/lpc_board/build/lpceurobot/_compiled/lib/hwinit.o
 .comment       0x0000000000000000       0x12 fsm.o
 .comment       0x0000000000000000       0x12 fsm_scope.o
 .comment       0x0000000000000000       0x12 lcd.o
 .comment       0x0000000000000000       0x12 main.o
 .comment       0x0000000000000000       0x12 uar.o
 .comment       0x0000000000000011       0x11 /media/DATA/programovani/C_mikrokontroler/lpc_board/build/lpceurobot/_compiled/lib/libeurobothw.a(error.o)
                                         0x12 (size before relaxing)
 .comment       0x0000000000000000       0x12 /media/DATA/programovani/C_mikrokontroler/lpc_board/build/lpceurobot/_compiled/lib/libeurobothw.a(startcfg.o)
 .comment       0x0000000000000000       0x12 /media/DATA/programovani/C_mikrokontroler/lpc_board/build/lpceurobot/_compiled/lib/libebb.a(adc.o)
 .comment       0x0000000000000000       0x12 /media/DATA/programovani/C_mikrokontroler/lpc_board/build/lpceurobot/_compiled/lib/libebb.a(uart.o)

.debug
 *(.debug)

.line
 *(.line)

.debug_srcinfo
 *(.debug_srcinfo)

.debug_sfnames
 *(.debug_sfnames)

.debug_aranges  0x0000000000000000      0x1c8
 *(.debug_aranges)
 .debug_aranges
                0x0000000000000000       0x28 /media/DATA/programovani/C_mikrokontroler/lpc_board/build/lpceurobot/_compiled/lib/crt0.o
 .debug_aranges
                0x0000000000000028       0x20 /media/DATA/programovani/C_mikrokontroler/lpc_board/build/lpceurobot/_compiled/lib/initarray.o
 .debug_aranges
                0x0000000000000048       0x20 /media/DATA/programovani/C_mikrokontroler/lpc_board/build/lpceurobot/_compiled/lib/hwinit.o
 .debug_aranges
                0x0000000000000068       0x20 fsm.o
 .debug_aranges
                0x0000000000000088       0x20 fsm_scope.o
 .debug_aranges
                0x00000000000000a8       0x20 lcd.o
 .debug_aranges
                0x00000000000000c8       0x20 main.o
 .debug_aranges
                0x00000000000000e8       0x20 uar.o
 .debug_aranges
                0x0000000000000108       0x20 /media/DATA/programovani/C_mikrokontroler/lpc_board/build/lpceurobot/_compiled/lib/libeurobothw.a(error.o)
 .debug_aranges
                0x0000000000000128       0x20 /media/DATA/programovani/C_mikrokontroler/lpc_board/build/lpceurobot/_compiled/lib/libeurobothw.a(startcfg.o)
 .debug_aranges
                0x0000000000000148       0x20 /media/DATA/programovani/C_mikrokontroler/lpc_board/build/lpceurobot/_compiled/lib/libebb.a(adc.o)
 .debug_aranges
                0x0000000000000168       0x20 /media/DATA/programovani/C_mikrokontroler/lpc_board/build/lpceurobot/_compiled/lib/libebb.a(uart.o)
 .debug_aranges
                0x0000000000000188       0x20 /usr/arm-elf/gcc/4.4.4/bin/../lib/gcc/arm-elf/4.4.4/libgcc.a(_divsi3.o)
 .debug_aranges
                0x00000000000001a8       0x20 /usr/arm-elf/gcc/4.4.4/bin/../lib/gcc/arm-elf/4.4.4/libgcc.a(_dvmd_tls.o)

.debug_pubnames
                0x0000000000000000      0x460
 *(.debug_pubnames)
 .debug_pubnames
                0x0000000000000000       0x28 /media/DATA/programovani/C_mikrokontroler/lpc_board/build/lpceurobot/_compiled/lib/initarray.o
 .debug_pubnames
                0x0000000000000028       0x2d /media/DATA/programovani/C_mikrokontroler/lpc_board/build/lpceurobot/_compiled/lib/hwinit.o
 .debug_pubnames
                0x0000000000000055       0x2b fsm.o
 .debug_pubnames
                0x0000000000000080       0x6f fsm_scope.o
 .debug_pubnames
                0x00000000000000ef       0xc3 lcd.o
 .debug_pubnames
                0x00000000000001b2       0xeb main.o
 .debug_pubnames
                0x000000000000029d       0x65 uar.o
 .debug_pubnames
                0x0000000000000302       0x1c /media/DATA/programovani/C_mikrokontroler/lpc_board/build/lpceurobot/_compiled/lib/libeurobothw.a(error.o)
 .debug_pubnames
                0x000000000000031e       0x71 /media/DATA/programovani/C_mikrokontroler/lpc_board/build/lpceurobot/_compiled/lib/libeurobothw.a(startcfg.o)
 .debug_pubnames
                0x000000000000038f       0x37 /media/DATA/programovani/C_mikrokontroler/lpc_board/build/lpceurobot/_compiled/lib/libebb.a(adc.o)
 .debug_pubnames
                0x00000000000003c6       0x9a /media/DATA/programovani/C_mikrokontroler/lpc_board/build/lpceurobot/_compiled/lib/libebb.a(uart.o)

.debug_info     0x0000000000000000     0x1c62
 *(.debug_info .gnu.linkonce.wi.*)
 .debug_info    0x0000000000000000       0xfc /media/DATA/programovani/C_mikrokontroler/lpc_board/build/lpceurobot/_compiled/lib/crt0.o
 .debug_info    0x00000000000000fc       0xdc /media/DATA/programovani/C_mikrokontroler/lpc_board/build/lpceurobot/_compiled/lib/initarray.o
 .debug_info    0x00000000000001d8      0x187 /media/DATA/programovani/C_mikrokontroler/lpc_board/build/lpceurobot/_compiled/lib/hwinit.o
 .debug_info    0x000000000000035f      0x19c fsm.o
 .debug_info    0x00000000000004fb      0x509 fsm_scope.o
 .debug_info    0x0000000000000a04      0x367 lcd.o
 .debug_info    0x0000000000000d6b      0x4cb main.o
 .debug_info    0x0000000000001236      0x186 uar.o
 .debug_info    0x00000000000013bc      0x232 /media/DATA/programovani/C_mikrokontroler/lpc_board/build/lpceurobot/_compiled/lib/libeurobothw.a(error.o)
 .debug_info    0x00000000000015ee      0x1e9 /media/DATA/programovani/C_mikrokontroler/lpc_board/build/lpceurobot/_compiled/lib/libeurobothw.a(startcfg.o)
 .debug_info    0x00000000000017d7       0xf6 /media/DATA/programovani/C_mikrokontroler/lpc_board/build/lpceurobot/_compiled/lib/libebb.a(adc.o)
 .debug_info    0x00000000000018cd      0x235 /media/DATA/programovani/C_mikrokontroler/lpc_board/build/lpceurobot/_compiled/lib/libebb.a(uart.o)
 .debug_info    0x0000000000001b02       0xb0 /usr/arm-elf/gcc/4.4.4/bin/../lib/gcc/arm-elf/4.4.4/libgcc.a(_divsi3.o)
 .debug_info    0x0000000000001bb2       0xb0 /usr/arm-elf/gcc/4.4.4/bin/../lib/gcc/arm-elf/4.4.4/libgcc.a(_dvmd_tls.o)

.debug_abbrev   0x0000000000000000      0xd16
 *(.debug_abbrev)
 .debug_abbrev  0x0000000000000000       0x12 /media/DATA/programovani/C_mikrokontroler/lpc_board/build/lpceurobot/_compiled/lib/crt0.o
 .debug_abbrev  0x0000000000000012       0xa2 /media/DATA/programovani/C_mikrokontroler/lpc_board/build/lpceurobot/_compiled/lib/initarray.o
 .debug_abbrev  0x00000000000000b4       0xef /media/DATA/programovani/C_mikrokontroler/lpc_board/build/lpceurobot/_compiled/lib/hwinit.o
 .debug_abbrev  0x00000000000001a3       0xf9 fsm.o
 .debug_abbrev  0x000000000000029c      0x1f0 fsm_scope.o
 .debug_abbrev  0x000000000000048c      0x16f lcd.o
 .debug_abbrev  0x00000000000005fb      0x228 main.o
 .debug_abbrev  0x0000000000000823      0x140 uar.o
 .debug_abbrev  0x0000000000000963       0xfe /media/DATA/programovani/C_mikrokontroler/lpc_board/build/lpceurobot/_compiled/lib/libeurobothw.a(error.o)
 .debug_abbrev  0x0000000000000a61      0x116 /media/DATA/programovani/C_mikrokontroler/lpc_board/build/lpceurobot/_compiled/lib/libeurobothw.a(startcfg.o)
 .debug_abbrev  0x0000000000000b77       0xb6 /media/DATA/programovani/C_mikrokontroler/lpc_board/build/lpceurobot/_compiled/lib/libebb.a(adc.o)
 .debug_abbrev  0x0000000000000c2d       0xc1 /media/DATA/programovani/C_mikrokontroler/lpc_board/build/lpceurobot/_compiled/lib/libebb.a(uart.o)
 .debug_abbrev  0x0000000000000cee       0x14 /usr/arm-elf/gcc/4.4.4/bin/../lib/gcc/arm-elf/4.4.4/libgcc.a(_divsi3.o)
 .debug_abbrev  0x0000000000000d02       0x14 /usr/arm-elf/gcc/4.4.4/bin/../lib/gcc/arm-elf/4.4.4/libgcc.a(_dvmd_tls.o)

.debug_line     0x0000000000000000      0xfa2
 *(.debug_line)
 .debug_line    0x0000000000000000       0xf0 /media/DATA/programovani/C_mikrokontroler/lpc_board/build/lpceurobot/_compiled/lib/crt0.o
 .debug_line    0x00000000000000f0       0xec /media/DATA/programovani/C_mikrokontroler/lpc_board/build/lpceurobot/_compiled/lib/initarray.o
 .debug_line    0x00000000000001dc      0x148 /media/DATA/programovani/C_mikrokontroler/lpc_board/build/lpceurobot/_compiled/lib/hwinit.o
 .debug_line    0x0000000000000324       0xfa fsm.o
 .debug_line    0x000000000000041e      0x207 fsm_scope.o
 .debug_line    0x0000000000000625      0x176 lcd.o
 .debug_line    0x000000000000079b      0x1bb main.o
 .debug_line    0x0000000000000956       0xc5 uar.o
 .debug_line    0x0000000000000a1b      0x141 /media/DATA/programovani/C_mikrokontroler/lpc_board/build/lpceurobot/_compiled/lib/libeurobothw.a(error.o)
 .debug_line    0x0000000000000b5c      0x143 /media/DATA/programovani/C_mikrokontroler/lpc_board/build/lpceurobot/_compiled/lib/libeurobothw.a(startcfg.o)
 .debug_line    0x0000000000000c9f       0xad /media/DATA/programovani/C_mikrokontroler/lpc_board/build/lpceurobot/_compiled/lib/libebb.a(adc.o)
 .debug_line    0x0000000000000d4c      0x13a /media/DATA/programovani/C_mikrokontroler/lpc_board/build/lpceurobot/_compiled/lib/libebb.a(uart.o)
 .debug_line    0x0000000000000e86       0xaa /usr/arm-elf/gcc/4.4.4/bin/../lib/gcc/arm-elf/4.4.4/libgcc.a(_divsi3.o)
 .debug_line    0x0000000000000f30       0x72 /usr/arm-elf/gcc/4.4.4/bin/../lib/gcc/arm-elf/4.4.4/libgcc.a(_dvmd_tls.o)

.debug_frame    0x0000000000000000      0x4a8
 *(.debug_frame)
 .debug_frame   0x0000000000000000       0x2c /media/DATA/programovani/C_mikrokontroler/lpc_board/build/lpceurobot/_compiled/lib/initarray.o
 .debug_frame   0x000000000000002c       0x28 /media/DATA/programovani/C_mikrokontroler/lpc_board/build/lpceurobot/_compiled/lib/hwinit.o
 .debug_frame   0x0000000000000054       0x40 fsm.o
 .debug_frame   0x0000000000000094       0x94 fsm_scope.o
 .debug_frame   0x0000000000000128       0xa8 lcd.o
 .debug_frame   0x00000000000001d0       0xa8 main.o
 .debug_frame   0x0000000000000278       0x88 uar.o
 .debug_frame   0x0000000000000300       0x20 /media/DATA/programovani/C_mikrokontroler/lpc_board/build/lpceurobot/_compiled/lib/libeurobothw.a(error.o)
 .debug_frame   0x0000000000000320       0x90 /media/DATA/programovani/C_mikrokontroler/lpc_board/build/lpceurobot/_compiled/lib/libeurobothw.a(startcfg.o)
 .debug_frame   0x00000000000003b0       0x40 /media/DATA/programovani/C_mikrokontroler/lpc_board/build/lpceurobot/_compiled/lib/libebb.a(adc.o)
 .debug_frame   0x00000000000003f0       0x90 /media/DATA/programovani/C_mikrokontroler/lpc_board/build/lpceurobot/_compiled/lib/libebb.a(uart.o)
 .debug_frame   0x0000000000000480       0x28 /usr/arm-elf/gcc/4.4.4/bin/../lib/gcc/arm-elf/4.4.4/libgcc.a(_divsi3.o)

.debug_str      0x0000000000000000      0x8ff
 *(.debug_str)
 .debug_str     0x0000000000000000      0x110 /media/DATA/programovani/C_mikrokontroler/lpc_board/build/lpceurobot/_compiled/lib/initarray.o
                                        0x149 (size before relaxing)
 .debug_str     0x0000000000000110       0xd1 /media/DATA/programovani/C_mikrokontroler/lpc_board/build/lpceurobot/_compiled/lib/hwinit.o
                                        0x173 (size before relaxing)
 .debug_str     0x00000000000001e1       0xfe fsm.o
                                        0x173 (size before relaxing)
 .debug_str     0x00000000000002df      0x125 fsm_scope.o
                                        0x287 (size before relaxing)
 .debug_str     0x0000000000000404       0xc4 lcd.o
                                        0x18a (size before relaxing)
 .debug_str     0x00000000000004c8      0x120 main.o
                                        0x2c3 (size before relaxing)
 .debug_str     0x00000000000005e8       0x94 uar.o
                                         0xaa (size before relaxing)
 .debug_str     0x000000000000067c       0x84 /media/DATA/programovani/C_mikrokontroler/lpc_board/build/lpceurobot/_compiled/lib/libeurobothw.a(error.o)
                                         0xfc (size before relaxing)
 .debug_str     0x0000000000000700       0xc0 /media/DATA/programovani/C_mikrokontroler/lpc_board/build/lpceurobot/_compiled/lib/libeurobothw.a(startcfg.o)
                                        0x164 (size before relaxing)
 .debug_str     0x00000000000007c0       0x74 /media/DATA/programovani/C_mikrokontroler/lpc_board/build/lpceurobot/_compiled/lib/libebb.a(adc.o)
                                        0x111 (size before relaxing)
 .debug_str     0x0000000000000834       0xcb /media/DATA/programovani/C_mikrokontroler/lpc_board/build/lpceurobot/_compiled/lib/libebb.a(uart.o)
                                        0x177 (size before relaxing)

.debug_loc      0x0000000000000000      0x7bb
 *(.debug_loc)
 .debug_loc     0x0000000000000000       0x1f /media/DATA/programovani/C_mikrokontroler/lpc_board/build/lpceurobot/_compiled/lib/initarray.o
 .debug_loc     0x000000000000001f       0x1f /media/DATA/programovani/C_mikrokontroler/lpc_board/build/lpceurobot/_compiled/lib/hwinit.o
 .debug_loc     0x000000000000003e       0x8d fsm.o
 .debug_loc     0x00000000000000cb      0x153 fsm_scope.o
 .debug_loc     0x000000000000021e       0xef lcd.o
 .debug_loc     0x000000000000030d       0xc7 main.o
 .debug_loc     0x00000000000003d4       0xf5 uar.o
 .debug_loc     0x00000000000004c9       0x13 /media/DATA/programovani/C_mikrokontroler/lpc_board/build/lpceurobot/_compiled/lib/libeurobothw.a(error.o)
 .debug_loc     0x00000000000004dc      0x11e /media/DATA/programovani/C_mikrokontroler/lpc_board/build/lpceurobot/_compiled/lib/libeurobothw.a(startcfg.o)
 .debug_loc     0x00000000000005fa       0x71 /media/DATA/programovani/C_mikrokontroler/lpc_board/build/lpceurobot/_compiled/lib/libebb.a(adc.o)
 .debug_loc     0x000000000000066b      0x150 /media/DATA/programovani/C_mikrokontroler/lpc_board/build/lpceurobot/_compiled/lib/libebb.a(uart.o)

.debug_macinfo
 *(.debug_macinfo)

.debug_weaknames
 *(.debug_weaknames)

.debug_funcnames
 *(.debug_funcnames)

.debug_typenames
 *(.debug_typenames)

.debug_varnames
 *(.debug_varnames)
LOAD fsm.o
LOAD fsm_scope.o
LOAD lcd.o
LOAD main.o
LOAD uar.o
LOAD /media/DATA/programovani/C_mikrokontroler/lpc_board/build/lpceurobot/_compiled/lib/libeurobothw.a
LOAD /media/DATA/programovani/C_mikrokontroler/lpc_board/build/lpceurobot/_compiled/lib/libcan.a
LOAD /media/DATA/programovani/C_mikrokontroler/lpc_board/build/lpceurobot/_compiled/lib/libebb.a
START GROUP
LOAD /usr/arm-elf/gcc/4.4.4/bin/../lib/gcc/arm-elf/4.4.4/libgcc.a
LOAD /usr/arm-elf/gcc/4.4.4/bin/../lib/gcc/arm-elf/4.4.4/../../../../arm-elf/lib/libg.a
LOAD /usr/arm-elf/gcc/4.4.4/bin/../lib/gcc/arm-elf/4.4.4/../../../../arm-elf/lib/libc.a
END GROUP
OUTPUT(/media/DATA/programovani/C_mikrokontroler/lpc_board/build/lpceurobot/_compiled/bin/lpc_scope-flash elf32-littlearm)

.debug_ranges   0x0000000000000000      0x300
 .debug_ranges  0x0000000000000000       0x20 /media/DATA/programovani/C_mikrokontroler/lpc_board/build/lpceurobot/_compiled/lib/crt0.o
 .debug_ranges  0x0000000000000020       0x68 /media/DATA/programovani/C_mikrokontroler/lpc_board/build/lpceurobot/_compiled/lib/hwinit.o
 .debug_ranges  0x0000000000000088       0x90 fsm_scope.o
 .debug_ranges  0x0000000000000118       0x30 lcd.o
 .debug_ranges  0x0000000000000148       0xa0 main.o
 .debug_ranges  0x00000000000001e8       0x30 uar.o
 .debug_ranges  0x0000000000000218       0xb0 /media/DATA/programovani/C_mikrokontroler/lpc_board/build/lpceurobot/_compiled/lib/libeurobothw.a(error.o)
 .debug_ranges  0x00000000000002c8       0x38 /media/DATA/programovani/C_mikrokontroler/lpc_board/build/lpceurobot/_compiled/lib/libeurobothw.a(startcfg.o)
