Archive member included because of file (symbol)

/media/DATA/programovani/C_mikrokontroler/lpc_board/build/lpceurobot/_compiled/lib/libeurobothw.a(error.o)
                              /media/DATA/programovani/C_mikrokontroler/lpc_board/build/lpceurobot/_compiled/lib/hwinit.o (error)
/media/DATA/programovani/C_mikrokontroler/lpc_board/build/lpceurobot/_compiled/lib/libeurobothw.a(startcfg.o)
                              /media/DATA/programovani/C_mikrokontroler/lpc_board/build/lpceurobot/_compiled/lib/hwinit.o (init_PLL)
/media/DATA/programovani/C_mikrokontroler/lpc_board/build/lpceurobot/_compiled/lib/libebb.a(adc.o)
                              main.o (init_adc)
/media/DATA/programovani/C_mikrokontroler/lpc_board/build/lpceurobot/_compiled/lib/libebb.a(uart.o)
                              uar.o (init_uart0)
/usr/arm-elf/gcc/4.4.4/bin/../lib/gcc/arm-elf/4.4.4/libgcc.a(_divsi3.o)
                              /media/DATA/programovani/C_mikrokontroler/lpc_board/build/lpceurobot/_compiled/lib/libeurobothw.a(startcfg.o) (__divsi3)
/usr/arm-elf/gcc/4.4.4/bin/../lib/gcc/arm-elf/4.4.4/libgcc.a(_dvmd_tls.o)
                              /usr/arm-elf/gcc/4.4.4/bin/../lib/gcc/arm-elf/4.4.4/libgcc.a(_divsi3.o) (__div0)

Allocating common symbols
Common symbol       size              file

adc_val             0x10              fsm_scope.o
cpu_ref_hz          0x4               fsm_scope.o
cpu_sys_hz          0x4               fsm_scope.o
msec_time           0x4               fsm_scope.o
fsm_scope           0xfac             main.o

Memory Configuration

Name             Origin             Length             Attributes
FLASH            0x0000000000000000 0x000000000003e000 xr
RAM              0x0000000040000000 0x0000000000004000 rw
*default*        0x0000000000000000 0xffffffffffffffff

Linker script and memory map

LOAD /media/DATA/programovani/C_mikrokontroler/lpc_board/build/lpceurobot/_compiled/lib/crt0.o
LOAD /media/DATA/programovani/C_mikrokontroler/lpc_board/build/lpceurobot/_compiled/lib/initarray.o
LOAD /media/DATA/programovani/C_mikrokontroler/lpc_board/build/lpceurobot/_compiled/lib/hwinit.o
                0x0000000000000400                STACK_SIZE = 0x400

.ivec           0x0000000000000000       0x40
 *(.ivec)
 .ivec          0x0000000000000000       0x40 /media/DATA/programovani/C_mikrokontroler/lpc_board/build/lpceurobot/_compiled/lib/crt0.o
                0x0000000000000000                _boot

.text           0x0000000000000040     0x1494
 *crt0.o(.text)
 .text          0x0000000000000040      0x114 /media/DATA/programovani/C_mikrokontroler/lpc_board/build/lpceurobot/_compiled/lib/crt0.o
                0x0000000000000040                _mainCRTStartup
                0x0000000000000040                _start
                0x0000000000000040                start
                0x0000000000000124                reset
                0x0000000000000124                abort
                0x0000000000000124                _reset
                0x0000000000000124                exit
 *(.text)
 .text          0x0000000000000154       0x3c /media/DATA/programovani/C_mikrokontroler/lpc_board/build/lpceurobot/_compiled/lib/initarray.o
                0x0000000000000154                __libc_init_array
 .text          0x0000000000000190       0x80 /media/DATA/programovani/C_mikrokontroler/lpc_board/build/lpceurobot/_compiled/lib/hwinit.o
                0x0000000000000190                __hardware_init
 .text          0x0000000000000210       0x68 fsm.o
                0x0000000000000210                init_fsm
                0x000000000000022c                run_fsm
 .text          0x0000000000000278      0x338 fsm_scope.o
                0x00000000000002a8                rotate_cursor
                0x000000000000032c                fsm_scope_init
 .text          0x00000000000005b0      0x30c lcd.o
                0x00000000000005b0                lcd_wait
                0x00000000000005e0                lcd_out_data4
                0x000000000000060c                lcd_write_nibbles
                0x00000000000006f8                lcd_write_control
                0x0000000000000714                lcd_gotoxy
                0x0000000000000734                lcd_init
                0x0000000000000870                lcd_putchar
                0x000000000000088c                lcd_print
 .text          0x00000000000008bc      0x250 main.o
                0x00000000000008bc                set_irq_handler
                0x00000000000008e8                init_timer0
                0x0000000000000924                timer0_irq
                0x0000000000000984                start_button
                0x00000000000009a8                blink_status_led
                0x00000000000009fc                init_periphery
                0x0000000000000a70                main
 .text          0x0000000000000b0c      0x11c uar.o
                0x0000000000000b0c                init_uart
                0x0000000000000b38                uart_get_char
                0x0000000000000b3c                uart_send_char
                0x0000000000000b44                send_rs_int
                0x0000000000000bdc                send_rs_str
 .text          0x0000000000000c28       0x48 /media/DATA/programovani/C_mikrokontroler/lpc_board/build/lpceurobot/_compiled/lib/libeurobothw.a(error.o)
                0x0000000000000c28                error
 .text          0x0000000000000c70      0x3bc /media/DATA/programovani/C_mikrokontroler/lpc_board/build/lpceurobot/_compiled/lib/libeurobothw.a(startcfg.o)
                0x0000000000000c70                wait
                0x0000000000000c74                deb_led
                0x0000000000000d30                init_PLL
                0x0000000000000ea0                get_sys_speed
                0x0000000000000ee8                init_MAM
                0x0000000000000f8c                set_APB
                0x0000000000000fa4                get_apb_speed
 .text          0x000000000000102c      0x12c /media/DATA/programovani/C_mikrokontroler/lpc_board/build/lpceurobot/_compiled/lib/libebb.a(adc.o)
                0x000000000000102c                adc_isr
                0x0000000000001108                init_adc
 .text          0x0000000000001158      0x238 /media/DATA/programovani/C_mikrokontroler/lpc_board/build/lpceurobot/_compiled/lib/libebb.a(uart.o)
                0x0000000000001158                init_uart0
                0x0000000000001228                uart1GetCh
                0x000000000000124c                uart0GetCh
                0x0000000000001270                uart1SendCh
                0x0000000000001298                uart0SendCh
                0x00000000000012c0                init_uart1
 .text          0x0000000000001390      0x140 /usr/arm-elf/gcc/4.4.4/bin/../lib/gcc/arm-elf/4.4.4/libgcc.a(_divsi3.o)
                0x0000000000001390                __aeabi_idiv
                0x0000000000001390                __divsi3
                0x00000000000014b8                __aeabi_idivmod
 .text          0x00000000000014d0        0x4 /usr/arm-elf/gcc/4.4.4/bin/../lib/gcc/arm-elf/4.4.4/libgcc.a(_dvmd_tls.o)
                0x00000000000014d0                __aeabi_ldiv0
                0x00000000000014d0                __div0
                0x00000000000014d0                __aeabi_idiv0
 *(.glue_7)
 .glue_7        0x0000000000000000        0x0 linker stubs
 *(.glue_7t)
 .glue_7t       0x0000000000000000        0x0 linker stubs
                0x00000000000014d4                . = ALIGN (0x4)
                0x00000000000014d4                _etext = .

.vfp11_veneer   0x00000000000014d4        0x0
 .vfp11_veneer  0x0000000000000000        0x0 linker stubs

.v4_bx          0x00000000000014d4        0x0
 .v4_bx         0x0000000000000000        0x0 linker stubs

.rodata         0x00000000000014d4       0x58
 *(.rodata)
 .rodata        0x00000000000014d4        0x4 fsm_scope.o
 *(.rodata*)
 .rodata.str1.4
                0x00000000000014d8       0x54 fsm_scope.o
                0x000000000000152c                . = ALIGN (0x4)
                0x000000000000152c                PROVIDE (__init_array_start, .)

.init_array     0x000000000000152c        0x4
 *(.init_array)
 .init_array    0x000000000000152c        0x4 /media/DATA/programovani/C_mikrokontroler/lpc_board/build/lpceurobot/_compiled/lib/hwinit.o
                0x000000000000152c                fp
                0x0000000000001530                . = ALIGN (0x4)
                0x0000000000001530                PROVIDE (__init_array_end, .)
                0x0000000000001530                _datainit = LOADADDR (.data)

.data           0x0000000040000000        0x0 load address 0x0000000000001530
                0x0000000040000000                _data = .
 *(.data)
 .data          0x0000000040000000        0x0 /media/DATA/programovani/C_mikrokontroler/lpc_board/build/lpceurobot/_compiled/lib/crt0.o
 .data          0x0000000040000000        0x0 /media/DATA/programovani/C_mikrokontroler/lpc_board/build/lpceurobot/_compiled/lib/initarray.o
 .data          0x0000000040000000        0x0 /media/DATA/programovani/C_mikrokontroler/lpc_board/build/lpceurobot/_compiled/lib/hwinit.o
 .data          0x0000000040000000        0x0 fsm.o
 .data          0x0000000040000000        0x0 fsm_scope.o
 .data          0x0000000040000000        0x0 lcd.o
 .data          0x0000000040000000        0x0 main.o
 .data          0x0000000040000000        0x0 uar.o
 .data          0x0000000040000000        0x0 /media/DATA/programovani/C_mikrokontroler/lpc_board/build/lpceurobot/_compiled/lib/libeurobothw.a(error.o)
 .data          0x0000000040000000        0x0 /media/DATA/programovani/C_mikrokontroler/lpc_board/build/lpceurobot/_compiled/lib/libeurobothw.a(startcfg.o)
 .data          0x0000000040000000        0x0 /media/DATA/programovani/C_mikrokontroler/lpc_board/build/lpceurobot/_compiled/lib/libebb.a(adc.o)
 .data          0x0000000040000000        0x0 /media/DATA/programovani/C_mikrokontroler/lpc_board/build/lpceurobot/_compiled/lib/libebb.a(uart.o)
 .data          0x0000000040000000        0x0 /usr/arm-elf/gcc/4.4.4/bin/../lib/gcc/arm-elf/4.4.4/libgcc.a(_divsi3.o)
 .data          0x0000000040000000        0x0 /usr/arm-elf/gcc/4.4.4/bin/../lib/gcc/arm-elf/4.4.4/libgcc.a(_dvmd_tls.o)
                0x0000000040000000                . = ALIGN (0x4)
                0x0000000040000000                _edata = .

.bss            0x0000000040000000      0xff4 load address 0x0000000000001530
                0x0000000040000000                __bss_start = .
                0x0000000040000000                __bss_start__ = .
 *(.bss)
 .bss           0x0000000040000000        0x0 /media/DATA/programovani/C_mikrokontroler/lpc_board/build/lpceurobot/_compiled/lib/crt0.o
 .bss           0x0000000040000000        0x0 /media/DATA/programovani/C_mikrokontroler/lpc_board/build/lpceurobot/_compiled/lib/initarray.o
 .bss           0x0000000040000000        0x0 /media/DATA/programovani/C_mikrokontroler/lpc_board/build/lpceurobot/_compiled/lib/hwinit.o
 .bss           0x0000000040000000        0x0 fsm.o
 .bss           0x0000000040000000       0x18 fsm_scope.o
 .bss           0x0000000040000018        0x4 lcd.o
 .bss           0x000000004000001c       0x10 main.o
                0x000000004000001c                timer_usec
                0x0000000040000024                timer_msec
 .bss           0x000000004000002c        0x0 uar.o
 .bss           0x000000004000002c        0x0 /media/DATA/programovani/C_mikrokontroler/lpc_board/build/lpceurobot/_compiled/lib/libeurobothw.a(error.o)
 .bss           0x000000004000002c        0x0 /media/DATA/programovani/C_mikrokontroler/lpc_board/build/lpceurobot/_compiled/lib/libeurobothw.a(startcfg.o)
 .bss           0x000000004000002c        0x0 /media/DATA/programovani/C_mikrokontroler/lpc_board/build/lpceurobot/_compiled/lib/libebb.a(adc.o)
 .bss           0x000000004000002c        0x0 /media/DATA/programovani/C_mikrokontroler/lpc_board/build/lpceurobot/_compiled/lib/libebb.a(uart.o)
 .bss           0x000000004000002c        0x0 /usr/arm-elf/gcc/4.4.4/bin/../lib/gcc/arm-elf/4.4.4/libgcc.a(_divsi3.o)
 .bss           0x000000004000002c        0x0 /usr/arm-elf/gcc/4.4.4/bin/../lib/gcc/arm-elf/4.4.4/libgcc.a(_dvmd_tls.o)
 *(COMMON)
 COMMON         0x000000004000002c       0x1c fsm_scope.o
                0x000000004000002c                adc_val
                0x000000004000003c                cpu_ref_hz
                0x0000000040000040                cpu_sys_hz
                0x0000000040000044                msec_time
 COMMON         0x0000000040000048      0xfac main.o
                0x0000000040000048                fsm_scope
                0x0000000040000ff4                . = ALIGN (0x4)
                0x0000000040000ff4                __bss_end__ = .

.stack          0x0000000040000ff4      0x400 load address 0x0000000000001530
                0x00000000400013f4                . = (. + STACK_SIZE)
 *fill*         0x0000000040000ff4      0x400 00
                0x00000000400013f4                PROVIDE (_stack, .)
                0x00000000400013f4                _end = .
                0x00000000400013f4                PROVIDE (end, .)

.stab
 *(.stab)

.stabstr
 *(.stabstr)

.stab.excl
 *(.stab.excl)

.stab.exclstr
 *(.stab.exclstr)

.stab.index
 *(.stab.index)

.stab.indexstr
 *(.stab.indexstr)

.ARM.attributes
                0x0000000000000000       0x10
 .ARM.attributes
                0x0000000000000000       0x10 /media/DATA/programovani/C_mikrokontroler/lpc_board/build/lpceurobot/_compiled/lib/crt0.o
 .ARM.attributes
                0x0000000000000010       0x10 /media/DATA/programovani/C_mikrokontroler/lpc_board/build/lpceurobot/_compiled/lib/initarray.o
 .ARM.attributes
                0x0000000000000020       0x10 /media/DATA/programovani/C_mikrokontroler/lpc_board/build/lpceurobot/_compiled/lib/hwinit.o
 .ARM.attributes
                0x0000000000000030       0x10 fsm.o
 .ARM.attributes
                0x0000000000000040       0x10 fsm_scope.o
 .ARM.attributes
                0x0000000000000050       0x10 lcd.o
 .ARM.attributes
                0x0000000000000060       0x10 main.o
 .ARM.attributes
                0x0000000000000070       0x10 uar.o
 .ARM.attributes
                0x0000000000000080       0x10 /media/DATA/programovani/C_mikrokontroler/lpc_board/build/lpceurobot/_compiled/lib/libeurobothw.a(error.o)
 .ARM.attributes
                0x0000000000000090       0x10 /media/DATA/programovani/C_mikrokontroler/lpc_board/build/lpceurobot/_compiled/lib/libeurobothw.a(startcfg.o)
 .ARM.attributes
                0x00000000000000a0       0x10 /media/DATA/programovani/C_mikrokontroler/lpc_board/build/lpceurobot/_compiled/lib/libebb.a(adc.o)
 .ARM.attributes
                0x00000000000000b0       0x10 /media/DATA/programovani/C_mikrokontroler/lpc_board/build/lpceurobot/_compiled/lib/libebb.a(uart.o)
 .ARM.attributes
                0x00000000000000c0       0x10 /usr/arm-elf/gcc/4.4.4/bin/../lib/gcc/arm-elf/4.4.4/libgcc.a(_divsi3.o)
 .ARM.attributes
                0x00000000000000d0       0x10 /usr/arm-elf/gcc/4.4.4/bin/../lib/gcc/arm-elf/4.4.4/libgcc.a(_dvmd_tls.o)

.comment        0x0000000000000000       0x22
 *(.comment)
 .comment       0x0000000000000000       0x11 /media/DATA/programovani/C_mikrokontroler/lpc_board/build/lpceurobot/_compiled/lib/initarray.o
                                         0x12 (size before relaxing)
 .comment       0x0000000000000000       0x12 /media/DATA/programovani/C_mikrokontroler/lpc_board/build/lpceurobot/_compiled/lib/hwinit.o
 .comment       0x0000000000000000       0x12 fsm.o
 .comment       0x0000000000000000       0x12 fsm_scope.o
 .comment       0x0000000000000000       0x12 lcd.o
 .comment       0x0000000000000000       0x12 main.o
 .comment       0x0000000000000000       0x12 uar.o
 .comment       0x0000000000000011       0x11 /media/DATA/programovani/C_mikrokontroler/lpc_board/build/lpceurobot/_compiled/lib/libeurobothw.a(error.o)
                                         0x12 (size before relaxing)
 .comment       0x0000000000000000       0x12 /media/DATA/programovani/C_mikrokontroler/lpc_board/build/lpceurobot/_compiled/lib/libeurobothw.a(startcfg.o)
 .comment       0x0000000000000000       0x12 /media/DATA/programovani/C_mikrokontroler/lpc_board/build/lpceurobot/_compiled/lib/libebb.a(adc.o)
 .comment       0x0000000000000000       0x12 /media/DATA/programovani/C_mikrokontroler/lpc_board/build/lpceurobot/_compiled/lib/libebb.a(uart.o)

.debug
 *(.debug)

.line
 *(.line)

.debug_srcinfo
 *(.debug_srcinfo)

.debug_sfnames
 *(.debug_sfnames)

.debug_aranges  0x0000000000000000      0x1c8
 *(.debug_aranges)
 .debug_aranges
                0x0000000000000000       0x28 /media/DATA/programovani/C_mikrokontroler/lpc_board/build/lpceurobot/_compiled/lib/crt0.o
 .debug_aranges
                0x0000000000000028       0x20 /media/DATA/programovani/C_mikrokontroler/lpc_board/build/lpceurobot/_compiled/lib/initarray.o
 .debug_aranges
                0x0000000000000048       0x20 /media/DATA/programovani/C_mikrokontroler/lpc_board/build/lpceurobot/_compiled/lib/hwinit.o
 .debug_aranges
                0x0000000000000068       0x20 fsm.o
 .debug_aranges
                0x0000000000000088       0x20 fsm_scope.o
 .debug_aranges
                0x00000000000000a8       0x20 lcd.o
 .debug_aranges
                0x00000000000000c8       0x20 main.o
 .debug_aranges
                0x00000000000000e8       0x20 uar.o
 .debug_aranges
                0x0000000000000108       0x20 /media/DATA/programovani/C_mikrokontroler/lpc_board/build/lpceurobot/_compiled/lib/libeurobothw.a(error.o)
 .debug_aranges
                0x0000000000000128       0x20 /media/DATA/programovani/C_mikrokontroler/lpc_board/build/lpceurobot/_compiled/lib/libeurobothw.a(startcfg.o)
 .debug_aranges
                0x0000000000000148       0x20 /media/DATA/programovani/C_mikrokontroler/lpc_board/build/lpceurobot/_compiled/lib/libebb.a(adc.o)
 .debug_aranges
                0x0000000000000168       0x20 /media/DATA/programovani/C_mikrokontroler/lpc_board/build/lpceurobot/_compiled/lib/libebb.a(uart.o)
 .debug_aranges
                0x0000000000000188       0x20 /usr/arm-elf/gcc/4.4.4/bin/../lib/gcc/arm-elf/4.4.4/libgcc.a(_divsi3.o)
 .debug_aranges
                0x00000000000001a8       0x20 /usr/arm-elf/gcc/4.4.4/bin/../lib/gcc/arm-elf/4.4.4/libgcc.a(_dvmd_tls.o)

.debug_pubnames
                0x0000000000000000      0x460
 *(.debug_pubnames)
 .debug_pubnames
                0x0000000000000000       0x28 /media/DATA/programovani/C_mikrokontroler/lpc_board/build/lpceurobot/_compiled/lib/initarray.o
 .debug_pubnames
                0x0000000000000028       0x2d /media/DATA/programovani/C_mikrokontroler/lpc_board/build/lpceurobot/_compiled/lib/hwinit.o
 .debug_pubnames
                0x0000000000000055       0x2b fsm.o
 .debug_pubnames
                0x0000000000000080       0x6f fsm_scope.o
 .debug_pubnames
                0x00000000000000ef       0xc3 lcd.o
 .debug_pubnames
                0x00000000000001b2       0xeb main.o
 .debug_pubnames
                0x000000000000029d       0x65 uar.o
 .debug_pubnames
                0x0000000000000302       0x1c /media/DATA/programovani/C_mikrokontroler/lpc_board/build/lpceurobot/_compiled/lib/libeurobothw.a(error.o)
 .debug_pubnames
                0x000000000000031e       0x71 /media/DATA/programovani/C_mikrokontroler/lpc_board/build/lpceurobot/_compiled/lib/libeurobothw.a(startcfg.o)
 .debug_pubnames
                0x000000000000038f       0x37 /media/DATA/programovani/C_mikrokontroler/lpc_board/build/lpceurobot/_compiled/lib/libebb.a(adc.o)
 .debug_pubnames
                0x00000000000003c6       0x9a /media/DATA/programovani/C_mikrokontroler/lpc_board/build/lpceurobot/_compiled/lib/libebb.a(uart.o)

.debug_info     0x0000000000000000     0x1c1e
 *(.debug_info .gnu.linkonce.wi.*)
 .debug_info    0x0000000000000000       0xfc /media/DATA/programovani/C_mikrokontroler/lpc_board/build/lpceurobot/_compiled/lib/crt0.o
 .debug_info    0x00000000000000fc       0xdc /media/DATA/programovani/C_mikrokontroler/lpc_board/build/lpceurobot/_compiled/lib/initarray.o
 .debug_info    0x00000000000001d8      0x187 /media/DATA/programovani/C_mikrokontroler/lpc_board/build/lpceurobot/_compiled/lib/hwinit.o
 .debug_info    0x000000000000035f      0x186 fsm.o
 .debug_info    0x00000000000004e5      0x4f1 fsm_scope.o
 .debug_info    0x00000000000009d6      0x367 lcd.o
 .debug_info    0x0000000000000d3d      0x4b5 main.o
 .debug_info    0x00000000000011f2      0x186 uar.o
 .debug_info    0x0000000000001378      0x232 /media/DATA/programovani/C_mikrokontroler/lpc_board/build/lpceurobot/_compiled/lib/libeurobothw.a(error.o)
 .debug_info    0x00000000000015aa      0x1e9 /media/DATA/programovani/C_mikrokontroler/lpc_board/build/lpceurobot/_compiled/lib/libeurobothw.a(startcfg.o)
 .debug_info    0x0000000000001793       0xf6 /media/DATA/programovani/C_mikrokontroler/lpc_board/build/lpceurobot/_compiled/lib/libebb.a(adc.o)
 .debug_info    0x0000000000001889      0x235 /media/DATA/programovani/C_mikrokontroler/lpc_board/build/lpceurobot/_compiled/lib/libebb.a(uart.o)
 .debug_info    0x0000000000001abe       0xb0 /usr/arm-elf/gcc/4.4.4/bin/../lib/gcc/arm-elf/4.4.4/libgcc.a(_divsi3.o)
 .debug_info    0x0000000000001b6e       0xb0 /usr/arm-elf/gcc/4.4.4/bin/../lib/gcc/arm-elf/4.4.4/libgcc.a(_dvmd_tls.o)

.debug_abbrev   0x0000000000000000      0xd26
 *(.debug_abbrev)
 .debug_abbrev  0x0000000000000000       0x12 /media/DATA/programovani/C_mikrokontroler/lpc_board/build/lpceurobot/_compiled/lib/crt0.o
 .debug_abbrev  0x0000000000000012       0xa2 /media/DATA/programovani/C_mikrokontroler/lpc_board/build/lpceurobot/_compiled/lib/initarray.o
 .debug_abbrev  0x00000000000000b4       0xef /media/DATA/programovani/C_mikrokontroler/lpc_board/build/lpceurobot/_compiled/lib/hwinit.o
 .debug_abbrev  0x00000000000001a3       0xf9 fsm.o
 .debug_abbrev  0x000000000000029c      0x200 fsm_scope.o
 .debug_abbrev  0x000000000000049c      0x16f lcd.o
 .debug_abbrev  0x000000000000060b      0x228 main.o
 .debug_abbrev  0x0000000000000833      0x140 uar.o
 .debug_abbrev  0x0000000000000973       0xfe /media/DATA/programovani/C_mikrokontroler/lpc_board/build/lpceurobot/_compiled/lib/libeurobothw.a(error.o)
 .debug_abbrev  0x0000000000000a71      0x116 /media/DATA/programovani/C_mikrokontroler/lpc_board/build/lpceurobot/_compiled/lib/libeurobothw.a(startcfg.o)
 .debug_abbrev  0x0000000000000b87       0xb6 /media/DATA/programovani/C_mikrokontroler/lpc_board/build/lpceurobot/_compiled/lib/libebb.a(adc.o)
 .debug_abbrev  0x0000000000000c3d       0xc1 /media/DATA/programovani/C_mikrokontroler/lpc_board/build/lpceurobot/_compiled/lib/libebb.a(uart.o)
 .debug_abbrev  0x0000000000000cfe       0x14 /usr/arm-elf/gcc/4.4.4/bin/../lib/gcc/arm-elf/4.4.4/libgcc.a(_divsi3.o)
 .debug_abbrev  0x0000000000000d12       0x14 /usr/arm-elf/gcc/4.4.4/bin/../lib/gcc/arm-elf/4.4.4/libgcc.a(_dvmd_tls.o)

.debug_line     0x0000000000000000      0xf23
 *(.debug_line)
 .debug_line    0x0000000000000000       0xf0 /media/DATA/programovani/C_mikrokontroler/lpc_board/build/lpceurobot/_compiled/lib/crt0.o
 .debug_line    0x00000000000000f0       0xec /media/DATA/programovani/C_mikrokontroler/lpc_board/build/lpceurobot/_compiled/lib/initarray.o
 .debug_line    0x00000000000001dc      0x148 /media/DATA/programovani/C_mikrokontroler/lpc_board/build/lpceurobot/_compiled/lib/hwinit.o
 .debug_line    0x0000000000000324       0x98 fsm.o
 .debug_line    0x00000000000003bc      0x1ea fsm_scope.o
 .debug_line    0x00000000000005a6      0x176 lcd.o
 .debug_line    0x000000000000071c      0x1bb main.o
 .debug_line    0x00000000000008d7       0xc5 uar.o
 .debug_line    0x000000000000099c      0x141 /media/DATA/programovani/C_mikrokontroler/lpc_board/build/lpceurobot/_compiled/lib/libeurobothw.a(error.o)
 .debug_line    0x0000000000000add      0x143 /media/DATA/programovani/C_mikrokontroler/lpc_board/build/lpceurobot/_compiled/lib/libeurobothw.a(startcfg.o)
 .debug_line    0x0000000000000c20       0xad /media/DATA/programovani/C_mikrokontroler/lpc_board/build/lpceurobot/_compiled/lib/libebb.a(adc.o)
 .debug_line    0x0000000000000ccd      0x13a /media/DATA/programovani/C_mikrokontroler/lpc_board/build/lpceurobot/_compiled/lib/libebb.a(uart.o)
 .debug_line    0x0000000000000e07       0xaa /usr/arm-elf/gcc/4.4.4/bin/../lib/gcc/arm-elf/4.4.4/libgcc.a(_divsi3.o)
 .debug_line    0x0000000000000eb1       0x72 /usr/arm-elf/gcc/4.4.4/bin/../lib/gcc/arm-elf/4.4.4/libgcc.a(_dvmd_tls.o)

.debug_frame    0x0000000000000000      0x4a8
 *(.debug_frame)
 .debug_frame   0x0000000000000000       0x2c /media/DATA/programovani/C_mikrokontroler/lpc_board/build/lpceurobot/_compiled/lib/initarray.o
 .debug_frame   0x000000000000002c       0x28 /media/DATA/programovani/C_mikrokontroler/lpc_board/build/lpceurobot/_compiled/lib/hwinit.o
 .debug_frame   0x0000000000000054       0x40 fsm.o
 .debug_frame   0x0000000000000094       0x94 fsm_scope.o
 .debug_frame   0x0000000000000128       0xa8 lcd.o
 .debug_frame   0x00000000000001d0       0xa8 main.o
 .debug_frame   0x0000000000000278       0x88 uar.o
 .debug_frame   0x0000000000000300       0x20 /media/DATA/programovani/C_mikrokontroler/lpc_board/build/lpceurobot/_compiled/lib/libeurobothw.a(error.o)
 .debug_frame   0x0000000000000320       0x90 /media/DATA/programovani/C_mikrokontroler/lpc_board/build/lpceurobot/_compiled/lib/libeurobothw.a(startcfg.o)
 .debug_frame   0x00000000000003b0       0x40 /media/DATA/programovani/C_mikrokontroler/lpc_board/build/lpceurobot/_compiled/lib/libebb.a(adc.o)
 .debug_frame   0x00000000000003f0       0x90 /media/DATA/programovani/C_mikrokontroler/lpc_board/build/lpceurobot/_compiled/lib/libebb.a(uart.o)
 .debug_frame   0x0000000000000480       0x28 /usr/arm-elf/gcc/4.4.4/bin/../lib/gcc/arm-elf/4.4.4/libgcc.a(_divsi3.o)

.debug_str      0x0000000000000000      0x8f0
 *(.debug_str)
 .debug_str     0x0000000000000000      0x110 /media/DATA/programovani/C_mikrokontroler/lpc_board/build/lpceurobot/_compiled/lib/initarray.o
                                        0x149 (size before relaxing)
 .debug_str     0x0000000000000110       0xd1 /media/DATA/programovani/C_mikrokontroler/lpc_board/build/lpceurobot/_compiled/lib/hwinit.o
                                        0x173 (size before relaxing)
 .debug_str     0x00000000000001e1       0xef fsm.o
                                        0x164 (size before relaxing)
 .debug_str     0x00000000000002d0      0x125 fsm_scope.o
                                        0x278 (size before relaxing)
 .debug_str     0x00000000000003f5       0xc4 lcd.o
                                        0x18a (size before relaxing)
 .debug_str     0x00000000000004b9      0x120 main.o
                                        0x2b4 (size before relaxing)
 .debug_str     0x00000000000005d9       0x94 uar.o
                                         0xaa (size before relaxing)
 .debug_str     0x000000000000066d       0x84 /media/DATA/programovani/C_mikrokontroler/lpc_board/build/lpceurobot/_compiled/lib/libeurobothw.a(error.o)
                                         0xfc (size before relaxing)
 .debug_str     0x00000000000006f1       0xc0 /media/DATA/programovani/C_mikrokontroler/lpc_board/build/lpceurobot/_compiled/lib/libeurobothw.a(startcfg.o)
                                        0x164 (size before relaxing)
 .debug_str     0x00000000000007b1       0x74 /media/DATA/programovani/C_mikrokontroler/lpc_board/build/lpceurobot/_compiled/lib/libebb.a(adc.o)
                                        0x111 (size before relaxing)
 .debug_str     0x0000000000000825       0xcb /media/DATA/programovani/C_mikrokontroler/lpc_board/build/lpceurobot/_compiled/lib/libebb.a(uart.o)
                                        0x177 (size before relaxing)

.debug_loc      0x0000000000000000      0x7d1
 *(.debug_loc)
 .debug_loc     0x0000000000000000       0x1f /media/DATA/programovani/C_mikrokontroler/lpc_board/build/lpceurobot/_compiled/lib/initarray.o
 .debug_loc     0x000000000000001f       0x1f /media/DATA/programovani/C_mikrokontroler/lpc_board/build/lpceurobot/_compiled/lib/hwinit.o
 .debug_loc     0x000000000000003e       0x8d fsm.o
 .debug_loc     0x00000000000000cb      0x169 fsm_scope.o
 .debug_loc     0x0000000000000234       0xef lcd.o
 .debug_loc     0x0000000000000323       0xc7 main.o
 .debug_loc     0x00000000000003ea       0xf5 uar.o
 .debug_loc     0x00000000000004df       0x13 /media/DATA/programovani/C_mikrokontroler/lpc_board/build/lpceurobot/_compiled/lib/libeurobothw.a(error.o)
 .debug_loc     0x00000000000004f2      0x11e /media/DATA/programovani/C_mikrokontroler/lpc_board/build/lpceurobot/_compiled/lib/libeurobothw.a(startcfg.o)
 .debug_loc     0x0000000000000610       0x71 /media/DATA/programovani/C_mikrokontroler/lpc_board/build/lpceurobot/_compiled/lib/libebb.a(adc.o)
 .debug_loc     0x0000000000000681      0x150 /media/DATA/programovani/C_mikrokontroler/lpc_board/build/lpceurobot/_compiled/lib/libebb.a(uart.o)

.debug_macinfo
 *(.debug_macinfo)

.debug_weaknames
 *(.debug_weaknames)

.debug_funcnames
 *(.debug_funcnames)

.debug_typenames
 *(.debug_typenames)

.debug_varnames
 *(.debug_varnames)
LOAD fsm.o
LOAD fsm_scope.o
LOAD lcd.o
LOAD main.o
LOAD uar.o
LOAD /media/DATA/programovani/C_mikrokontroler/lpc_board/build/lpceurobot/_compiled/lib/libeurobothw.a
LOAD /media/DATA/programovani/C_mikrokontroler/lpc_board/build/lpceurobot/_compiled/lib/libcan.a
LOAD /media/DATA/programovani/C_mikrokontroler/lpc_board/build/lpceurobot/_compiled/lib/libebb.a
START GROUP
LOAD /usr/arm-elf/gcc/4.4.4/bin/../lib/gcc/arm-elf/4.4.4/libgcc.a
LOAD /usr/arm-elf/gcc/4.4.4/bin/../lib/gcc/arm-elf/4.4.4/../../../../arm-elf/lib/libg.a
LOAD /usr/arm-elf/gcc/4.4.4/bin/../lib/gcc/arm-elf/4.4.4/../../../../arm-elf/lib/libc.a
END GROUP
OUTPUT(/media/DATA/programovani/C_mikrokontroler/lpc_board/build/lpceurobot/_compiled/bin/lpc_scope-flash elf32-littlearm)

.debug_ranges   0x0000000000000000      0x2d0
 .debug_ranges  0x0000000000000000       0x20 /media/DATA/programovani/C_mikrokontroler/lpc_board/build/lpceurobot/_compiled/lib/crt0.o
 .debug_ranges  0x0000000000000020       0x68 /media/DATA/programovani/C_mikrokontroler/lpc_board/build/lpceurobot/_compiled/lib/hwinit.o
 .debug_ranges  0x0000000000000088       0x60 fsm_scope.o
 .debug_ranges  0x00000000000000e8       0x30 lcd.o
 .debug_ranges  0x0000000000000118       0xa0 main.o
 .debug_ranges  0x00000000000001b8       0x30 uar.o
 .debug_ranges  0x00000000000001e8       0xb0 /media/DATA/programovani/C_mikrokontroler/lpc_board/build/lpceurobot/_compiled/lib/libeurobothw.a(error.o)
 .debug_ranges  0x0000000000000298       0x38 /media/DATA/programovani/C_mikrokontroler/lpc_board/build/lpceurobot/_compiled/lib/libeurobothw.a(startcfg.o)
