Archive member included because of file (symbol)

/home/zandar/EUROBOT/eurobot/build/lpceurobot/_compiled/lib/libeurobothw.a(error.o)
                              /home/zandar/EUROBOT/eurobot/build/lpceurobot/_compiled/lib/hwinit.o (error)
/home/zandar/EUROBOT/eurobot/build/lpceurobot/_compiled/lib/libeurobothw.a(startcfg.o)
                              /home/zandar/EUROBOT/eurobot/build/lpceurobot/_compiled/lib/hwinit.o (init_PLL)
/home/zandar/EUROBOT/eurobot/build/lpceurobot/_compiled/lib/libuart_nozen.a(uart_nozen.o)
                              main.o (UART_init)
/usr/arm-elf/gcc/4.4.3/bin/../lib/gcc/arm-elf/4.4.3/libgcc.a(_udivsi3.o)
                              /home/zandar/EUROBOT/eurobot/build/lpceurobot/_compiled/lib/libuart_nozen.a(uart_nozen.o) (__udivsi3)
/usr/arm-elf/gcc/4.4.3/bin/../lib/gcc/arm-elf/4.4.3/libgcc.a(_divsi3.o)
                              /home/zandar/EUROBOT/eurobot/build/lpceurobot/_compiled/lib/libeurobothw.a(startcfg.o) (__divsi3)
/usr/arm-elf/gcc/4.4.3/bin/../lib/gcc/arm-elf/4.4.3/libgcc.a(_dvmd_tls.o)
                              /usr/arm-elf/gcc/4.4.3/bin/../lib/gcc/arm-elf/4.4.3/libgcc.a(_udivsi3.o) (__div0)

Allocating common symbols
Common symbol       size              file

can_rx_cb           0x4               main.o
buff                0x80              /home/zandar/EUROBOT/eurobot/build/lpceurobot/_compiled/lib/libuart_nozen.a(uart_nozen.o)
cpu_ref_hz          0x4               main.o
cpu_sys_hz          0x4               main.o
msec_time           0x4               main.o

Memory Configuration

Name             Origin             Length             Attributes
RAM_IVEC         0x0000000040000000 0x0000000000000040 rw
RAM_LOAD         0x0000000040000200 0x0000000000003ce0 rw
RAM              0x0000000040000000 0x0000000000004000 rw
*default*        0x0000000000000000 0xffffffffffffffff

Linker script and memory map

LOAD /home/zandar/EUROBOT/eurobot/build/lpceurobot/_compiled/lib/crt0.o
LOAD /home/zandar/EUROBOT/eurobot/build/lpceurobot/_compiled/lib/initarray.o
LOAD /home/zandar/EUROBOT/eurobot/build/lpceurobot/_compiled/lib/hwinit.o
                0x0000000000000400                STACK_SIZE = 0x400

.ivec           0x0000000040000000       0x40
 *(.ivec)
 .ivec          0x0000000040000000       0x40 /home/zandar/EUROBOT/eurobot/build/lpceurobot/_compiled/lib/crt0.o
                0x0000000040000000                _boot

.text           0x0000000040000200      0xc2c
 *crt0.o(.text)
 .text          0x0000000040000200      0x114 /home/zandar/EUROBOT/eurobot/build/lpceurobot/_compiled/lib/crt0.o
                0x0000000040000200                _mainCRTStartup
                0x0000000040000200                _start
                0x0000000040000200                start
                0x00000000400002e4                reset
                0x00000000400002e4                abort
                0x00000000400002e4                _reset
                0x00000000400002e4                exit
 *(.text)
 .text          0x0000000040000314       0x3c /home/zandar/EUROBOT/eurobot/build/lpceurobot/_compiled/lib/initarray.o
                0x0000000040000314                __libc_init_array
 .text          0x0000000040000350       0x80 /home/zandar/EUROBOT/eurobot/build/lpceurobot/_compiled/lib/hwinit.o
                0x0000000040000350                __hardware_init
 .text          0x00000000400003d0       0xe0 main.o
                0x00000000400003d0                dummy_wait
                0x00000000400003d4                init_perip
                0x000000004000042c                main
 .text          0x00000000400004b0       0x48 /home/zandar/EUROBOT/eurobot/build/lpceurobot/_compiled/lib/libeurobothw.a(error.o)
                0x00000000400004b0                error
 .text          0x00000000400004f8      0x3bc /home/zandar/EUROBOT/eurobot/build/lpceurobot/_compiled/lib/libeurobothw.a(startcfg.o)
                0x00000000400004f8                wait
                0x00000000400004fc                deb_led
                0x00000000400005b8                init_PLL
                0x0000000040000728                get_sys_speed
                0x0000000040000770                init_MAM
                0x0000000040000814                set_APB
                0x000000004000082c                get_apb_speed
 .text          0x00000000400008b4      0x324 /home/zandar/EUROBOT/eurobot/build/lpceurobot/_compiled/lib/libuart_nozen.a(uart_nozen.o)
                0x00000000400008b4                UART_isr
                0x0000000040000988                UART0_irq
                0x000000004000099c                UART1_irq
                0x00000000400009b0                UART_init
                0x0000000040000ad8                read_UART_data
                0x0000000040000b48                UART_test_err
                0x0000000040000b8c                UART_new_data
                0x0000000040000ba4                write_UART_data
 .text          0x0000000040000bd8      0x110 /usr/arm-elf/gcc/4.4.3/bin/../lib/gcc/arm-elf/4.4.3/libgcc.a(_udivsi3.o)
                0x0000000040000bd8                __udivsi3
                0x0000000040000bd8                __aeabi_uidiv
                0x0000000040000cd0                __aeabi_uidivmod
 .text          0x0000000040000ce8      0x140 /usr/arm-elf/gcc/4.4.3/bin/../lib/gcc/arm-elf/4.4.3/libgcc.a(_divsi3.o)
                0x0000000040000ce8                __aeabi_idiv
                0x0000000040000ce8                __divsi3
                0x0000000040000e10                __aeabi_idivmod
 .text          0x0000000040000e28        0x4 /usr/arm-elf/gcc/4.4.3/bin/../lib/gcc/arm-elf/4.4.3/libgcc.a(_dvmd_tls.o)
                0x0000000040000e28                __aeabi_ldiv0
                0x0000000040000e28                __div0
                0x0000000040000e28                __aeabi_idiv0
 *(.rodata)
 *(.rodata*)
 *(.glue_7)
 .glue_7        0x0000000000000000        0x0 linker stubs
 *(.glue_7t)
 .glue_7t       0x0000000000000000        0x0 linker stubs
                0x0000000040000e2c                . = ALIGN (0x4)
                0x0000000040000e2c                _etext = .
                0x0000000040000e2c                PROVIDE (__init_array_start, .)

.vfp11_veneer   0x0000000040000040        0x0 load address 0x0000000040000e2c
 .vfp11_veneer  0x0000000000000000        0x0 linker stubs

.v4_bx          0x0000000040000040        0x0 load address 0x0000000040000e2c
 .v4_bx         0x0000000000000000        0x0 linker stubs

.init_array     0x0000000040000e2c        0x4
 *(.init_array)
 .init_array    0x0000000040000e2c        0x4 /home/zandar/EUROBOT/eurobot/build/lpceurobot/_compiled/lib/hwinit.o
                0x0000000040000e2c                fp
                0x0000000040000e30                . = ALIGN (0x4)
                0x0000000040000e30                PROVIDE (__init_array_end, .)

.data           0x0000000040000e30        0x0
                0x0000000040000e30                _data = .
                0x0000000040000e30                _datainit = .
 *(.data)
 .data          0x0000000040000e30        0x0 /home/zandar/EUROBOT/eurobot/build/lpceurobot/_compiled/lib/crt0.o
 .data          0x0000000040000e30        0x0 /home/zandar/EUROBOT/eurobot/build/lpceurobot/_compiled/lib/initarray.o
 .data          0x0000000040000e30        0x0 /home/zandar/EUROBOT/eurobot/build/lpceurobot/_compiled/lib/hwinit.o
 .data          0x0000000040000e30        0x0 main.o
 .data          0x0000000040000e30        0x0 /home/zandar/EUROBOT/eurobot/build/lpceurobot/_compiled/lib/libeurobothw.a(error.o)
 .data          0x0000000040000e30        0x0 /home/zandar/EUROBOT/eurobot/build/lpceurobot/_compiled/lib/libeurobothw.a(startcfg.o)
 .data          0x0000000040000e30        0x0 /home/zandar/EUROBOT/eurobot/build/lpceurobot/_compiled/lib/libuart_nozen.a(uart_nozen.o)
 .data          0x0000000040000e30        0x0 /usr/arm-elf/gcc/4.4.3/bin/../lib/gcc/arm-elf/4.4.3/libgcc.a(_udivsi3.o)
 .data          0x0000000040000e30        0x0 /usr/arm-elf/gcc/4.4.3/bin/../lib/gcc/arm-elf/4.4.3/libgcc.a(_divsi3.o)
 .data          0x0000000040000e30        0x0 /usr/arm-elf/gcc/4.4.3/bin/../lib/gcc/arm-elf/4.4.3/libgcc.a(_dvmd_tls.o)
                0x0000000040000e30                . = ALIGN (0x4)
                0x0000000040000e30                _edata = .

.bss            0x0000000040000e30       0xa4
                0x0000000040000e30                __bss_start = .
                0x0000000040000e30                __bss_start__ = .
 *(.bss)
 .bss           0x0000000040000e30        0x0 /home/zandar/EUROBOT/eurobot/build/lpceurobot/_compiled/lib/crt0.o
 .bss           0x0000000040000e30        0x0 /home/zandar/EUROBOT/eurobot/build/lpceurobot/_compiled/lib/initarray.o
 .bss           0x0000000040000e30        0x0 /home/zandar/EUROBOT/eurobot/build/lpceurobot/_compiled/lib/hwinit.o
 .bss           0x0000000040000e30        0x0 main.o
 .bss           0x0000000040000e30        0x0 /home/zandar/EUROBOT/eurobot/build/lpceurobot/_compiled/lib/libeurobothw.a(error.o)
 .bss           0x0000000040000e30        0x0 /home/zandar/EUROBOT/eurobot/build/lpceurobot/_compiled/lib/libeurobothw.a(startcfg.o)
 .bss           0x0000000040000e30       0x14 /home/zandar/EUROBOT/eurobot/build/lpceurobot/_compiled/lib/libuart_nozen.a(uart_nozen.o)
                0x0000000040000e30                i_w
                0x0000000040000e34                err_flag
                0x0000000040000e38                new_data_flag
                0x0000000040000e3c                i_r
                0x0000000040000e40                over_flag
 .bss           0x0000000040000e44        0x0 /usr/arm-elf/gcc/4.4.3/bin/../lib/gcc/arm-elf/4.4.3/libgcc.a(_udivsi3.o)
 .bss           0x0000000040000e44        0x0 /usr/arm-elf/gcc/4.4.3/bin/../lib/gcc/arm-elf/4.4.3/libgcc.a(_divsi3.o)
 .bss           0x0000000040000e44        0x0 /usr/arm-elf/gcc/4.4.3/bin/../lib/gcc/arm-elf/4.4.3/libgcc.a(_dvmd_tls.o)
 *(COMMON)
 COMMON         0x0000000040000e44       0x10 main.o
                0x0000000040000e44                can_rx_cb
                0x0000000040000e48                cpu_ref_hz
                0x0000000040000e4c                cpu_sys_hz
                0x0000000040000e50                msec_time
 COMMON         0x0000000040000e54       0x80 /home/zandar/EUROBOT/eurobot/build/lpceurobot/_compiled/lib/libuart_nozen.a(uart_nozen.o)
                0x0000000040000e54                buff
                0x0000000040000ed4                . = ALIGN (0x4)
                0x0000000040000ed4                __bss_end__ = .

.stack          0x0000000040000ed4      0x400
                0x00000000400012d4                . = (. + STACK_SIZE)
 *fill*         0x0000000040000ed4      0x400 00
                0x00000000400012d4                PROVIDE (_stack, .)
                0x00000000400012d4                _end = .
                0x00000000400012d4                PROVIDE (end, .)

.stab
 *(.stab)

.stabstr
 *(.stabstr)

.stab.excl
 *(.stab.excl)

.stab.exclstr
 *(.stab.exclstr)

.stab.index
 *(.stab.index)

.stab.indexstr
 *(.stab.indexstr)

.ARM.attributes
                0x0000000000000000       0x10
 .ARM.attributes
                0x0000000000000000       0x10 /home/zandar/EUROBOT/eurobot/build/lpceurobot/_compiled/lib/crt0.o
 .ARM.attributes
                0x0000000000000010       0x10 /home/zandar/EUROBOT/eurobot/build/lpceurobot/_compiled/lib/initarray.o
 .ARM.attributes
                0x0000000000000020       0x10 /home/zandar/EUROBOT/eurobot/build/lpceurobot/_compiled/lib/hwinit.o
 .ARM.attributes
                0x0000000000000030       0x10 main.o
 .ARM.attributes
                0x0000000000000040       0x10 /home/zandar/EUROBOT/eurobot/build/lpceurobot/_compiled/lib/libeurobothw.a(error.o)
 .ARM.attributes
                0x0000000000000050       0x10 /home/zandar/EUROBOT/eurobot/build/lpceurobot/_compiled/lib/libeurobothw.a(startcfg.o)
 .ARM.attributes
                0x0000000000000060       0x10 /home/zandar/EUROBOT/eurobot/build/lpceurobot/_compiled/lib/libuart_nozen.a(uart_nozen.o)
 .ARM.attributes
                0x0000000000000070       0x10 /usr/arm-elf/gcc/4.4.3/bin/../lib/gcc/arm-elf/4.4.3/libgcc.a(_udivsi3.o)
 .ARM.attributes
                0x0000000000000080       0x10 /usr/arm-elf/gcc/4.4.3/bin/../lib/gcc/arm-elf/4.4.3/libgcc.a(_divsi3.o)
 .ARM.attributes
                0x0000000000000090       0x10 /usr/arm-elf/gcc/4.4.3/bin/../lib/gcc/arm-elf/4.4.3/libgcc.a(_dvmd_tls.o)

.comment        0x0000000000000000       0x11
 *(.comment)
 .comment       0x0000000000000000       0x11 /home/zandar/EUROBOT/eurobot/build/lpceurobot/_compiled/lib/initarray.o
                                         0x12 (size before relaxing)
 .comment       0x0000000000000000       0x12 /home/zandar/EUROBOT/eurobot/build/lpceurobot/_compiled/lib/hwinit.o
 .comment       0x0000000000000000       0x12 main.o
 .comment       0x0000000000000000       0x12 /home/zandar/EUROBOT/eurobot/build/lpceurobot/_compiled/lib/libeurobothw.a(error.o)
 .comment       0x0000000000000000       0x12 /home/zandar/EUROBOT/eurobot/build/lpceurobot/_compiled/lib/libeurobothw.a(startcfg.o)
 .comment       0x0000000000000000       0x12 /home/zandar/EUROBOT/eurobot/build/lpceurobot/_compiled/lib/libuart_nozen.a(uart_nozen.o)

.debug
 *(.debug)

.line
 *(.line)

.debug_srcinfo
 *(.debug_srcinfo)

.debug_sfnames
 *(.debug_sfnames)

.debug_aranges  0x0000000000000000      0x148
 *(.debug_aranges)
 .debug_aranges
                0x0000000000000000       0x28 /home/zandar/EUROBOT/eurobot/build/lpceurobot/_compiled/lib/crt0.o
 .debug_aranges
                0x0000000000000028       0x20 /home/zandar/EUROBOT/eurobot/build/lpceurobot/_compiled/lib/initarray.o
 .debug_aranges
                0x0000000000000048       0x20 /home/zandar/EUROBOT/eurobot/build/lpceurobot/_compiled/lib/hwinit.o
 .debug_aranges
                0x0000000000000068       0x20 main.o
 .debug_aranges
                0x0000000000000088       0x20 /home/zandar/EUROBOT/eurobot/build/lpceurobot/_compiled/lib/libeurobothw.a(error.o)
 .debug_aranges
                0x00000000000000a8       0x20 /home/zandar/EUROBOT/eurobot/build/lpceurobot/_compiled/lib/libeurobothw.a(startcfg.o)
 .debug_aranges
                0x00000000000000c8       0x20 /home/zandar/EUROBOT/eurobot/build/lpceurobot/_compiled/lib/libuart_nozen.a(uart_nozen.o)
 .debug_aranges
                0x00000000000000e8       0x20 /usr/arm-elf/gcc/4.4.3/bin/../lib/gcc/arm-elf/4.4.3/libgcc.a(_udivsi3.o)
 .debug_aranges
                0x0000000000000108       0x20 /usr/arm-elf/gcc/4.4.3/bin/../lib/gcc/arm-elf/4.4.3/libgcc.a(_divsi3.o)
 .debug_aranges
                0x0000000000000128       0x20 /usr/arm-elf/gcc/4.4.3/bin/../lib/gcc/arm-elf/4.4.3/libgcc.a(_dvmd_tls.o)

.debug_pubnames
                0x0000000000000000      0x25b
 *(.debug_pubnames)
 .debug_pubnames
                0x0000000000000000       0x28 /home/zandar/EUROBOT/eurobot/build/lpceurobot/_compiled/lib/initarray.o
 .debug_pubnames
                0x0000000000000028       0x2d /home/zandar/EUROBOT/eurobot/build/lpceurobot/_compiled/lib/hwinit.o
 .debug_pubnames
                0x0000000000000055       0x73 main.o
 .debug_pubnames
                0x00000000000000c8       0x1c /home/zandar/EUROBOT/eurobot/build/lpceurobot/_compiled/lib/libeurobothw.a(error.o)
 .debug_pubnames
                0x00000000000000e4       0x71 /home/zandar/EUROBOT/eurobot/build/lpceurobot/_compiled/lib/libeurobothw.a(startcfg.o)
 .debug_pubnames
                0x0000000000000155      0x106 /home/zandar/EUROBOT/eurobot/build/lpceurobot/_compiled/lib/libuart_nozen.a(uart_nozen.o)

.debug_info     0x0000000000000000      0xedf
 *(.debug_info .gnu.linkonce.wi.*)
 .debug_info    0x0000000000000000       0xce /home/zandar/EUROBOT/eurobot/build/lpceurobot/_compiled/lib/crt0.o
 .debug_info    0x00000000000000ce       0xdc /home/zandar/EUROBOT/eurobot/build/lpceurobot/_compiled/lib/initarray.o
 .debug_info    0x00000000000001aa      0x187 /home/zandar/EUROBOT/eurobot/build/lpceurobot/_compiled/lib/hwinit.o
 .debug_info    0x0000000000000331      0x234 main.o
 .debug_info    0x0000000000000565      0x232 /home/zandar/EUROBOT/eurobot/build/lpceurobot/_compiled/lib/libeurobothw.a(error.o)
 .debug_info    0x0000000000000797      0x1e9 /home/zandar/EUROBOT/eurobot/build/lpceurobot/_compiled/lib/libeurobothw.a(startcfg.o)
 .debug_info    0x0000000000000980      0x34f /home/zandar/EUROBOT/eurobot/build/lpceurobot/_compiled/lib/libuart_nozen.a(uart_nozen.o)
 .debug_info    0x0000000000000ccf       0xb0 /usr/arm-elf/gcc/4.4.3/bin/../lib/gcc/arm-elf/4.4.3/libgcc.a(_udivsi3.o)
 .debug_info    0x0000000000000d7f       0xb0 /usr/arm-elf/gcc/4.4.3/bin/../lib/gcc/arm-elf/4.4.3/libgcc.a(_divsi3.o)
 .debug_info    0x0000000000000e2f       0xb0 /usr/arm-elf/gcc/4.4.3/bin/../lib/gcc/arm-elf/4.4.3/libgcc.a(_dvmd_tls.o)

.debug_abbrev   0x0000000000000000      0x65b
 *(.debug_abbrev)
 .debug_abbrev  0x0000000000000000       0x12 /home/zandar/EUROBOT/eurobot/build/lpceurobot/_compiled/lib/crt0.o
 .debug_abbrev  0x0000000000000012       0xa2 /home/zandar/EUROBOT/eurobot/build/lpceurobot/_compiled/lib/initarray.o
 .debug_abbrev  0x00000000000000b4       0xef /home/zandar/EUROBOT/eurobot/build/lpceurobot/_compiled/lib/hwinit.o
 .debug_abbrev  0x00000000000001a3      0x157 main.o
 .debug_abbrev  0x00000000000002fa       0xfe /home/zandar/EUROBOT/eurobot/build/lpceurobot/_compiled/lib/libeurobothw.a(error.o)
 .debug_abbrev  0x00000000000003f8      0x116 /home/zandar/EUROBOT/eurobot/build/lpceurobot/_compiled/lib/libeurobothw.a(startcfg.o)
 .debug_abbrev  0x000000000000050e      0x111 /home/zandar/EUROBOT/eurobot/build/lpceurobot/_compiled/lib/libuart_nozen.a(uart_nozen.o)
 .debug_abbrev  0x000000000000061f       0x14 /usr/arm-elf/gcc/4.4.3/bin/../lib/gcc/arm-elf/4.4.3/libgcc.a(_udivsi3.o)
 .debug_abbrev  0x0000000000000633       0x14 /usr/arm-elf/gcc/4.4.3/bin/../lib/gcc/arm-elf/4.4.3/libgcc.a(_divsi3.o)
 .debug_abbrev  0x0000000000000647       0x14 /usr/arm-elf/gcc/4.4.3/bin/../lib/gcc/arm-elf/4.4.3/libgcc.a(_dvmd_tls.o)

.debug_line     0x0000000000000000      0x993
 *(.debug_line)
 .debug_line    0x0000000000000000       0xd9 /home/zandar/EUROBOT/eurobot/build/lpceurobot/_compiled/lib/crt0.o
 .debug_line    0x00000000000000d9       0xd5 /home/zandar/EUROBOT/eurobot/build/lpceurobot/_compiled/lib/initarray.o
 .debug_line    0x00000000000001ae      0x11a /home/zandar/EUROBOT/eurobot/build/lpceurobot/_compiled/lib/hwinit.o
 .debug_line    0x00000000000002c8      0x176 main.o
 .debug_line    0x000000000000043e      0x113 /home/zandar/EUROBOT/eurobot/build/lpceurobot/_compiled/lib/libeurobothw.a(error.o)
 .debug_line    0x0000000000000551      0x12c /home/zandar/EUROBOT/eurobot/build/lpceurobot/_compiled/lib/libeurobothw.a(startcfg.o)
 .debug_line    0x000000000000067d      0x15c /home/zandar/EUROBOT/eurobot/build/lpceurobot/_compiled/lib/libuart_nozen.a(uart_nozen.o)
 .debug_line    0x00000000000007d9       0x9e /usr/arm-elf/gcc/4.4.3/bin/../lib/gcc/arm-elf/4.4.3/libgcc.a(_udivsi3.o)
 .debug_line    0x0000000000000877       0xaa /usr/arm-elf/gcc/4.4.3/bin/../lib/gcc/arm-elf/4.4.3/libgcc.a(_divsi3.o)
 .debug_line    0x0000000000000921       0x72 /usr/arm-elf/gcc/4.4.3/bin/../lib/gcc/arm-elf/4.4.3/libgcc.a(_dvmd_tls.o)

.debug_frame    0x0000000000000000      0x27c
 *(.debug_frame)
 .debug_frame   0x0000000000000000       0x2c /home/zandar/EUROBOT/eurobot/build/lpceurobot/_compiled/lib/initarray.o
 .debug_frame   0x000000000000002c       0x28 /home/zandar/EUROBOT/eurobot/build/lpceurobot/_compiled/lib/hwinit.o
 .debug_frame   0x0000000000000054       0x58 main.o
 .debug_frame   0x00000000000000ac       0x20 /home/zandar/EUROBOT/eurobot/build/lpceurobot/_compiled/lib/libeurobothw.a(error.o)
 .debug_frame   0x00000000000000cc       0x90 /home/zandar/EUROBOT/eurobot/build/lpceurobot/_compiled/lib/libeurobothw.a(startcfg.o)
 .debug_frame   0x000000000000015c       0xd0 /home/zandar/EUROBOT/eurobot/build/lpceurobot/_compiled/lib/libuart_nozen.a(uart_nozen.o)
 .debug_frame   0x000000000000022c       0x28 /usr/arm-elf/gcc/4.4.3/bin/../lib/gcc/arm-elf/4.4.3/libgcc.a(_udivsi3.o)
 .debug_frame   0x0000000000000254       0x28 /usr/arm-elf/gcc/4.4.3/bin/../lib/gcc/arm-elf/4.4.3/libgcc.a(_divsi3.o)

.debug_str      0x0000000000000000      0x4df
 *(.debug_str)
 .debug_str     0x0000000000000000       0xf9 /home/zandar/EUROBOT/eurobot/build/lpceurobot/_compiled/lib/initarray.o
                                        0x132 (size before relaxing)
 .debug_str     0x00000000000000f9       0xba /home/zandar/EUROBOT/eurobot/build/lpceurobot/_compiled/lib/hwinit.o
                                        0x15c (size before relaxing)
 .debug_str     0x00000000000001b3       0xd0 main.o
                                        0x194 (size before relaxing)
 .debug_str     0x0000000000000283       0x61 /home/zandar/EUROBOT/eurobot/build/lpceurobot/_compiled/lib/libeurobothw.a(error.o)
                                         0xe5 (size before relaxing)
 .debug_str     0x00000000000002e4       0xa9 /home/zandar/EUROBOT/eurobot/build/lpceurobot/_compiled/lib/libeurobothw.a(startcfg.o)
                                        0x14d (size before relaxing)
 .debug_str     0x000000000000038d      0x152 /home/zandar/EUROBOT/eurobot/build/lpceurobot/_compiled/lib/libuart_nozen.a(uart_nozen.o)
                                        0x219 (size before relaxing)

.debug_loc      0x0000000000000000      0x375
 *(.debug_loc)
 .debug_loc     0x0000000000000000       0x1f /home/zandar/EUROBOT/eurobot/build/lpceurobot/_compiled/lib/initarray.o
 .debug_loc     0x000000000000001f       0x1f /home/zandar/EUROBOT/eurobot/build/lpceurobot/_compiled/lib/hwinit.o
 .debug_loc     0x000000000000003e       0x4a main.o
 .debug_loc     0x0000000000000088       0x13 /home/zandar/EUROBOT/eurobot/build/lpceurobot/_compiled/lib/libeurobothw.a(error.o)
 .debug_loc     0x000000000000009b      0x11e /home/zandar/EUROBOT/eurobot/build/lpceurobot/_compiled/lib/libeurobothw.a(startcfg.o)
 .debug_loc     0x00000000000001b9      0x1bc /home/zandar/EUROBOT/eurobot/build/lpceurobot/_compiled/lib/libuart_nozen.a(uart_nozen.o)

.debug_macinfo
 *(.debug_macinfo)

.debug_weaknames
 *(.debug_weaknames)

.debug_funcnames
 *(.debug_funcnames)

.debug_typenames
 *(.debug_typenames)

.debug_varnames
 *(.debug_varnames)
LOAD main.o
LOAD /home/zandar/EUROBOT/eurobot/build/lpceurobot/_compiled/lib/libeurobothw.a
LOAD /home/zandar/EUROBOT/eurobot/build/lpceurobot/_compiled/lib/libuart_nozen.a
START GROUP
LOAD /usr/arm-elf/gcc/4.4.3/bin/../lib/gcc/arm-elf/4.4.3/libgcc.a
LOAD /usr/arm-elf/gcc/4.4.3/bin/../lib/gcc/arm-elf/4.4.3/../../../../arm-elf/lib/libg.a
LOAD /usr/arm-elf/gcc/4.4.3/bin/../lib/gcc/arm-elf/4.4.3/../../../../arm-elf/lib/libc.a
END GROUP
OUTPUT(/home/zandar/EUROBOT/eurobot/build/lpceurobot/_compiled/bin/uart_noz-ram elf32-littlearm)

.debug_ranges   0x0000000000000000      0x1a0
 .debug_ranges  0x0000000000000000       0x20 /home/zandar/EUROBOT/eurobot/build/lpceurobot/_compiled/lib/crt0.o
 .debug_ranges  0x0000000000000020       0x68 /home/zandar/EUROBOT/eurobot/build/lpceurobot/_compiled/lib/hwinit.o
 .debug_ranges  0x0000000000000088       0x30 main.o
 .debug_ranges  0x00000000000000b8       0xb0 /home/zandar/EUROBOT/eurobot/build/lpceurobot/_compiled/lib/libeurobothw.a(error.o)
 .debug_ranges  0x0000000000000168       0x38 /home/zandar/EUROBOT/eurobot/build/lpceurobot/_compiled/lib/libeurobothw.a(startcfg.o)
