Archive member included because of file (symbol)

/home/zandar/EUROBOT/eurobot/build/lpceurobot/_compiled/lib/libeurobothw.a(error.o)
                              /home/zandar/EUROBOT/eurobot/build/lpceurobot/_compiled/lib/hwinit.o (error)
/home/zandar/EUROBOT/eurobot/build/lpceurobot/_compiled/lib/libeurobothw.a(startcfg.o)
                              /home/zandar/EUROBOT/eurobot/build/lpceurobot/_compiled/lib/hwinit.o (init_PLL)
/home/zandar/EUROBOT/eurobot/build/lpceurobot/_compiled/lib/libcan.a(can.o)
                              main.o (can_tx_msg)
/home/zandar/EUROBOT/eurobot/build/lpceurobot/_compiled/lib/libcan.a(can_baud.o)
                              main.o (can_init_baudrate)
/usr/arm-elf/gcc/4.4.3/bin/../lib/gcc/arm-elf/4.4.3/libgcc.a(_udivsi3.o)
                              /home/zandar/EUROBOT/eurobot/build/lpceurobot/_compiled/lib/libcan.a(can_baud.o) (__udivsi3)
/usr/arm-elf/gcc/4.4.3/bin/../lib/gcc/arm-elf/4.4.3/libgcc.a(_divsi3.o)
                              uart.o (__divsi3)
/usr/arm-elf/gcc/4.4.3/bin/../lib/gcc/arm-elf/4.4.3/libgcc.a(_dvmd_tls.o)
                              /usr/arm-elf/gcc/4.4.3/bin/../lib/gcc/arm-elf/4.4.3/libgcc.a(_udivsi3.o) (__div0)
/usr/arm-elf/gcc/4.4.3/bin/../lib/gcc/arm-elf/4.4.3/../../../../arm-elf/lib/libg.a(lib_a-memcpy.o)
                              /home/zandar/EUROBOT/eurobot/build/lpceurobot/_compiled/lib/libcan.a(can.o) (memcpy)

Allocating common symbols
Common symbol       size              file

adc_val             0x10              main.o
can_rx_cb           0x4               main.o
dev_time            0x10              main.o
msg                 0x14              main.o
can_rx_msg          0x14              /home/zandar/EUROBOT/eurobot/build/lpceurobot/_compiled/lib/libcan.a(can.o)
alert_states        0x4               main.o
cpu_ref_hz          0x4               main.o
cpu_sys_hz          0x4               main.o
msec_time           0x4               main.o
time                0x4               main.o
cnt_12V             0x4               main.o
cnt_10V             0x4               main.o

Memory Configuration

Name             Origin             Length             Attributes
RAM_IVEC         0x0000000040000000 0x0000000000000040 rw
RAM_LOAD         0x0000000040000200 0x0000000000003ce0 rw
RAM              0x0000000040000000 0x0000000000004000 rw
*default*        0x0000000000000000 0xffffffffffffffff

Linker script and memory map

LOAD /home/zandar/EUROBOT/eurobot/build/lpceurobot/_compiled/lib/crt0.o
LOAD /home/zandar/EUROBOT/eurobot/build/lpceurobot/_compiled/lib/initarray.o
LOAD /home/zandar/EUROBOT/eurobot/build/lpceurobot/_compiled/lib/hwinit.o
                0x0000000000000400                STACK_SIZE = 0x400

.ivec           0x0000000040000000       0x40
 *(.ivec)
 .ivec          0x0000000040000000       0x40 /home/zandar/EUROBOT/eurobot/build/lpceurobot/_compiled/lib/crt0.o
                0x0000000040000000                _boot

.text           0x0000000040000200     0x1648
 *crt0.o(.text)
 .text          0x0000000040000200      0x114 /home/zandar/EUROBOT/eurobot/build/lpceurobot/_compiled/lib/crt0.o
                0x0000000040000200                _mainCRTStartup
                0x0000000040000200                _start
                0x0000000040000200                start
                0x00000000400002e4                reset
                0x00000000400002e4                abort
                0x00000000400002e4                _reset
                0x00000000400002e4                exit
 *(.text)
 .text          0x0000000040000314       0x3c /home/zandar/EUROBOT/eurobot/build/lpceurobot/_compiled/lib/initarray.o
                0x0000000040000314                __libc_init_array
 .text          0x0000000040000350       0x80 /home/zandar/EUROBOT/eurobot/build/lpceurobot/_compiled/lib/hwinit.o
                0x0000000040000350                __hardware_init
 .text          0x00000000400003d0      0x640 main.o
                0x00000000400003d0                led_blik
                0x000000004000041c                tc1
                0x0000000040000470                init_time
                0x00000000400004c4                init_perip
                0x00000000400005a4                can_rx
                0x0000000040000654                send_can
                0x00000000400007cc                send_alert
                0x0000000040000824                power_alert
                0x00000000400009d0                main
 .text          0x0000000040000a10      0x218 pwrstep.o
                0x0000000040000a10                pwr_33
                0x0000000040000a44                pwr_50
                0x0000000040000a78                pwr_80
                0x0000000040000aac                adc_isr
                0x0000000040000b9c                init_adc
                0x0000000040000bec                init_pwr
 .text          0x0000000040000c28      0x238 uart.o
                0x0000000040000c28                init_uart0
                0x0000000040000cf8                uart1GetCh
                0x0000000040000d1c                uart0GetCh
                0x0000000040000d40                uart1SendCh
                0x0000000040000d68                uart0SendCh
                0x0000000040000d90                init_uart1
 .text          0x0000000040000e60       0x48 /home/zandar/EUROBOT/eurobot/build/lpceurobot/_compiled/lib/libeurobothw.a(error.o)
                0x0000000040000e60                error
 .text          0x0000000040000ea8      0x3bc /home/zandar/EUROBOT/eurobot/build/lpceurobot/_compiled/lib/libeurobothw.a(startcfg.o)
                0x0000000040000ea8                wait
                0x0000000040000eac                deb_led
                0x0000000040000f68                init_PLL
                0x00000000400010d8                get_sys_speed
                0x0000000040001120                init_MAM
                0x00000000400011c4                set_APB
                0x00000000400011dc                get_apb_speed
 .text          0x0000000040001264      0x20c /home/zandar/EUROBOT/eurobot/build/lpceurobot/_compiled/lib/libcan.a(can.o)
                0x0000000040001264                can_init
                0x0000000040001308                can_off
                0x0000000040001344                can_tx_msg
                0x00000000400013bc                can_rx_isr
 .text          0x0000000040001470      0x160 /home/zandar/EUROBOT/eurobot/build/lpceurobot/_compiled/lib/libcan.a(can_baud.o)
                0x0000000040001470                can_init_baudrate
 .text          0x00000000400015d0      0x110 /usr/arm-elf/gcc/4.4.3/bin/../lib/gcc/arm-elf/4.4.3/libgcc.a(_udivsi3.o)
                0x00000000400015d0                __udivsi3
                0x00000000400015d0                __aeabi_uidiv
                0x00000000400016c8                __aeabi_uidivmod
 .text          0x00000000400016e0      0x140 /usr/arm-elf/gcc/4.4.3/bin/../lib/gcc/arm-elf/4.4.3/libgcc.a(_divsi3.o)
                0x00000000400016e0                __aeabi_idiv
                0x00000000400016e0                __divsi3
                0x0000000040001808                __aeabi_idivmod
 .text          0x0000000040001820        0x4 /usr/arm-elf/gcc/4.4.3/bin/../lib/gcc/arm-elf/4.4.3/libgcc.a(_dvmd_tls.o)
                0x0000000040001820                __aeabi_ldiv0
                0x0000000040001820                __div0
                0x0000000040001820                __aeabi_idiv0
 .text          0x0000000040001824       0x24 /usr/arm-elf/gcc/4.4.3/bin/../lib/gcc/arm-elf/4.4.3/../../../../arm-elf/lib/libg.a(lib_a-memcpy.o)
                0x0000000040001824                memcpy
 *(.rodata)
 *(.rodata*)
 *(.glue_7)
 .glue_7        0x0000000000000000        0x0 linker stubs
 *(.glue_7t)
 .glue_7t       0x0000000000000000        0x0 linker stubs
                0x0000000040001848                . = ALIGN (0x4)
                0x0000000040001848                _etext = .
                0x0000000040001848                PROVIDE (__init_array_start, .)

.vfp11_veneer   0x0000000040000040        0x0 load address 0x0000000040001848
 .vfp11_veneer  0x0000000000000000        0x0 linker stubs

.v4_bx          0x0000000040000040        0x0 load address 0x0000000040001848
 .v4_bx         0x0000000000000000        0x0 linker stubs

.init_array     0x0000000040001848        0x4
 *(.init_array)
 .init_array    0x0000000040001848        0x4 /home/zandar/EUROBOT/eurobot/build/lpceurobot/_compiled/lib/hwinit.o
                0x0000000040001848                fp
                0x000000004000184c                . = ALIGN (0x4)
                0x000000004000184c                PROVIDE (__init_array_end, .)

.data           0x000000004000184c        0x4
                0x000000004000184c                _data = .
                0x000000004000184c                _datainit = .
 *(.data)
 .data          0x000000004000184c        0x0 /home/zandar/EUROBOT/eurobot/build/lpceurobot/_compiled/lib/crt0.o
 .data          0x000000004000184c        0x0 /home/zandar/EUROBOT/eurobot/build/lpceurobot/_compiled/lib/initarray.o
 .data          0x000000004000184c        0x0 /home/zandar/EUROBOT/eurobot/build/lpceurobot/_compiled/lib/hwinit.o
 .data          0x000000004000184c        0x0 main.o
 .data          0x000000004000184c        0x1 pwrstep.o
                0x000000004000184c                test
 .data          0x000000004000184d        0x0 uart.o
 .data          0x000000004000184d        0x0 /home/zandar/EUROBOT/eurobot/build/lpceurobot/_compiled/lib/libeurobothw.a(error.o)
 .data          0x000000004000184d        0x0 /home/zandar/EUROBOT/eurobot/build/lpceurobot/_compiled/lib/libeurobothw.a(startcfg.o)
 .data          0x000000004000184d        0x0 /home/zandar/EUROBOT/eurobot/build/lpceurobot/_compiled/lib/libcan.a(can.o)
 .data          0x000000004000184d        0x0 /home/zandar/EUROBOT/eurobot/build/lpceurobot/_compiled/lib/libcan.a(can_baud.o)
 .data          0x000000004000184d        0x0 /usr/arm-elf/gcc/4.4.3/bin/../lib/gcc/arm-elf/4.4.3/libgcc.a(_udivsi3.o)
 .data          0x000000004000184d        0x0 /usr/arm-elf/gcc/4.4.3/bin/../lib/gcc/arm-elf/4.4.3/libgcc.a(_divsi3.o)
 .data          0x000000004000184d        0x0 /usr/arm-elf/gcc/4.4.3/bin/../lib/gcc/arm-elf/4.4.3/libgcc.a(_dvmd_tls.o)
 .data          0x000000004000184d        0x0 /usr/arm-elf/gcc/4.4.3/bin/../lib/gcc/arm-elf/4.4.3/../../../../arm-elf/lib/libg.a(lib_a-memcpy.o)
                0x0000000040001850                . = ALIGN (0x4)
 *fill*         0x000000004000184d        0x3 00
                0x0000000040001850                _edata = .

.bss            0x0000000040001850       0x6c
                0x0000000040001850                __bss_start = .
                0x0000000040001850                __bss_start__ = .
 *(.bss)
 .bss           0x0000000040001850        0x0 /home/zandar/EUROBOT/eurobot/build/lpceurobot/_compiled/lib/crt0.o
 .bss           0x0000000040001850        0x0 /home/zandar/EUROBOT/eurobot/build/lpceurobot/_compiled/lib/initarray.o
 .bss           0x0000000040001850        0x0 /home/zandar/EUROBOT/eurobot/build/lpceurobot/_compiled/lib/hwinit.o
 .bss           0x0000000040001850        0x0 main.o
 .bss           0x0000000040001850        0x0 pwrstep.o
 .bss           0x0000000040001850        0x0 uart.o
 .bss           0x0000000040001850        0x0 /home/zandar/EUROBOT/eurobot/build/lpceurobot/_compiled/lib/libeurobothw.a(error.o)
 .bss           0x0000000040001850        0x0 /home/zandar/EUROBOT/eurobot/build/lpceurobot/_compiled/lib/libeurobothw.a(startcfg.o)
 .bss           0x0000000040001850        0x4 /home/zandar/EUROBOT/eurobot/build/lpceurobot/_compiled/lib/libcan.a(can.o)
                0x0000000040001850                can_msg_received
 .bss           0x0000000040001854        0x0 /home/zandar/EUROBOT/eurobot/build/lpceurobot/_compiled/lib/libcan.a(can_baud.o)
 .bss           0x0000000040001854        0x0 /usr/arm-elf/gcc/4.4.3/bin/../lib/gcc/arm-elf/4.4.3/libgcc.a(_udivsi3.o)
 .bss           0x0000000040001854        0x0 /usr/arm-elf/gcc/4.4.3/bin/../lib/gcc/arm-elf/4.4.3/libgcc.a(_divsi3.o)
 .bss           0x0000000040001854        0x0 /usr/arm-elf/gcc/4.4.3/bin/../lib/gcc/arm-elf/4.4.3/libgcc.a(_dvmd_tls.o)
 .bss           0x0000000040001854        0x0 /usr/arm-elf/gcc/4.4.3/bin/../lib/gcc/arm-elf/4.4.3/../../../../arm-elf/lib/libg.a(lib_a-memcpy.o)
 *(COMMON)
 COMMON         0x0000000040001854       0x54 main.o
                0x0000000040001854                adc_val
                0x0000000040001864                can_rx_cb
                0x0000000040001868                dev_time
                0x0000000040001878                msg
                0x000000004000188c                alert_states
                0x0000000040001890                cpu_ref_hz
                0x0000000040001894                cpu_sys_hz
                0x0000000040001898                msec_time
                0x000000004000189c                time
                0x00000000400018a0                cnt_12V
                0x00000000400018a4                cnt_10V
 COMMON         0x00000000400018a8       0x14 /home/zandar/EUROBOT/eurobot/build/lpceurobot/_compiled/lib/libcan.a(can.o)
                0x00000000400018a8                can_rx_msg
                0x00000000400018bc                . = ALIGN (0x4)
                0x00000000400018bc                __bss_end__ = .

.stack          0x00000000400018bc      0x400
                0x0000000040001cbc                . = (. + STACK_SIZE)
 *fill*         0x00000000400018bc      0x400 00
                0x0000000040001cbc                PROVIDE (_stack, .)
                0x0000000040001cbc                _end = .
                0x0000000040001cbc                PROVIDE (end, .)

.stab
 *(.stab)

.stabstr
 *(.stabstr)

.stab.excl
 *(.stab.excl)

.stab.exclstr
 *(.stab.exclstr)

.stab.index
 *(.stab.index)

.stab.indexstr
 *(.stab.indexstr)

.ARM.attributes
                0x0000000000000000       0x10
 .ARM.attributes
                0x0000000000000000       0x10 /home/zandar/EUROBOT/eurobot/build/lpceurobot/_compiled/lib/crt0.o
 .ARM.attributes
                0x0000000000000010       0x10 /home/zandar/EUROBOT/eurobot/build/lpceurobot/_compiled/lib/initarray.o
 .ARM.attributes
                0x0000000000000020       0x10 /home/zandar/EUROBOT/eurobot/build/lpceurobot/_compiled/lib/hwinit.o
 .ARM.attributes
                0x0000000000000030       0x10 main.o
 .ARM.attributes
                0x0000000000000040       0x10 pwrstep.o
 .ARM.attributes
                0x0000000000000050       0x10 uart.o
 .ARM.attributes
                0x0000000000000060       0x10 /home/zandar/EUROBOT/eurobot/build/lpceurobot/_compiled/lib/libeurobothw.a(error.o)
 .ARM.attributes
                0x0000000000000070       0x10 /home/zandar/EUROBOT/eurobot/build/lpceurobot/_compiled/lib/libeurobothw.a(startcfg.o)
 .ARM.attributes
                0x0000000000000080       0x10 /home/zandar/EUROBOT/eurobot/build/lpceurobot/_compiled/lib/libcan.a(can.o)
 .ARM.attributes
                0x0000000000000090       0x10 /home/zandar/EUROBOT/eurobot/build/lpceurobot/_compiled/lib/libcan.a(can_baud.o)
 .ARM.attributes
                0x00000000000000a0       0x10 /usr/arm-elf/gcc/4.4.3/bin/../lib/gcc/arm-elf/4.4.3/libgcc.a(_udivsi3.o)
 .ARM.attributes
                0x00000000000000b0       0x10 /usr/arm-elf/gcc/4.4.3/bin/../lib/gcc/arm-elf/4.4.3/libgcc.a(_divsi3.o)
 .ARM.attributes
                0x00000000000000c0       0x10 /usr/arm-elf/gcc/4.4.3/bin/../lib/gcc/arm-elf/4.4.3/libgcc.a(_dvmd_tls.o)
 .ARM.attributes
                0x00000000000000d0       0x10 /usr/arm-elf/gcc/4.4.3/bin/../lib/gcc/arm-elf/4.4.3/../../../../arm-elf/lib/libg.a(lib_a-memcpy.o)

.comment        0x0000000000000000       0x11
 *(.comment)
 .comment       0x0000000000000000       0x11 /home/zandar/EUROBOT/eurobot/build/lpceurobot/_compiled/lib/initarray.o
                                         0x12 (size before relaxing)
 .comment       0x0000000000000000       0x12 /home/zandar/EUROBOT/eurobot/build/lpceurobot/_compiled/lib/hwinit.o
 .comment       0x0000000000000000       0x12 main.o
 .comment       0x0000000000000000       0x12 pwrstep.o
 .comment       0x0000000000000000       0x12 uart.o
 .comment       0x0000000000000000       0x12 /home/zandar/EUROBOT/eurobot/build/lpceurobot/_compiled/lib/libeurobothw.a(error.o)
 .comment       0x0000000000000000       0x12 /home/zandar/EUROBOT/eurobot/build/lpceurobot/_compiled/lib/libeurobothw.a(startcfg.o)
 .comment       0x0000000000000000       0x12 /home/zandar/EUROBOT/eurobot/build/lpceurobot/_compiled/lib/libcan.a(can.o)
 .comment       0x0000000000000000       0x12 /home/zandar/EUROBOT/eurobot/build/lpceurobot/_compiled/lib/libcan.a(can_baud.o)
 .comment       0x0000000000000000       0x12 /usr/arm-elf/gcc/4.4.3/bin/../lib/gcc/arm-elf/4.4.3/../../../../arm-elf/lib/libg.a(lib_a-memcpy.o)

.debug
 *(.debug)

.line
 *(.line)

.debug_srcinfo
 *(.debug_srcinfo)

.debug_sfnames
 *(.debug_sfnames)

.debug_aranges  0x0000000000000000      0x1c8
 *(.debug_aranges)
 .debug_aranges
                0x0000000000000000       0x28 /home/zandar/EUROBOT/eurobot/build/lpceurobot/_compiled/lib/crt0.o
 .debug_aranges
                0x0000000000000028       0x20 /home/zandar/EUROBOT/eurobot/build/lpceurobot/_compiled/lib/initarray.o
 .debug_aranges
                0x0000000000000048       0x20 /home/zandar/EUROBOT/eurobot/build/lpceurobot/_compiled/lib/hwinit.o
 .debug_aranges
                0x0000000000000068       0x20 main.o
 .debug_aranges
                0x0000000000000088       0x20 pwrstep.o
 .debug_aranges
                0x00000000000000a8       0x20 uart.o
 .debug_aranges
                0x00000000000000c8       0x20 /home/zandar/EUROBOT/eurobot/build/lpceurobot/_compiled/lib/libeurobothw.a(error.o)
 .debug_aranges
                0x00000000000000e8       0x20 /home/zandar/EUROBOT/eurobot/build/lpceurobot/_compiled/lib/libeurobothw.a(startcfg.o)
 .debug_aranges
                0x0000000000000108       0x20 /home/zandar/EUROBOT/eurobot/build/lpceurobot/_compiled/lib/libcan.a(can.o)
 .debug_aranges
                0x0000000000000128       0x20 /home/zandar/EUROBOT/eurobot/build/lpceurobot/_compiled/lib/libcan.a(can_baud.o)
 .debug_aranges
                0x0000000000000148       0x20 /usr/arm-elf/gcc/4.4.3/bin/../lib/gcc/arm-elf/4.4.3/libgcc.a(_udivsi3.o)
 .debug_aranges
                0x0000000000000168       0x20 /usr/arm-elf/gcc/4.4.3/bin/../lib/gcc/arm-elf/4.4.3/libgcc.a(_divsi3.o)
 .debug_aranges
                0x0000000000000188       0x20 /usr/arm-elf/gcc/4.4.3/bin/../lib/gcc/arm-elf/4.4.3/libgcc.a(_dvmd_tls.o)
 .debug_aranges
                0x00000000000001a8       0x20 /usr/arm-elf/gcc/4.4.3/bin/../lib/gcc/arm-elf/4.4.3/../../../../arm-elf/lib/libg.a(lib_a-memcpy.o)

.debug_pubnames
                0x0000000000000000      0x421
 *(.debug_pubnames)
 .debug_pubnames
                0x0000000000000000       0x28 /home/zandar/EUROBOT/eurobot/build/lpceurobot/_compiled/lib/initarray.o
 .debug_pubnames
                0x0000000000000028       0x2d /home/zandar/EUROBOT/eurobot/build/lpceurobot/_compiled/lib/hwinit.o
 .debug_pubnames
                0x0000000000000055      0x111 main.o
 .debug_pubnames
                0x0000000000000166       0x9a pwrstep.o
 .debug_pubnames
                0x0000000000000200       0x9a uart.o
 .debug_pubnames
                0x000000000000029a       0x1c /home/zandar/EUROBOT/eurobot/build/lpceurobot/_compiled/lib/libeurobothw.a(error.o)
 .debug_pubnames
                0x00000000000002b6       0x71 /home/zandar/EUROBOT/eurobot/build/lpceurobot/_compiled/lib/libeurobothw.a(startcfg.o)
 .debug_pubnames
                0x0000000000000327       0x7b /home/zandar/EUROBOT/eurobot/build/lpceurobot/_compiled/lib/libcan.a(can.o)
 .debug_pubnames
                0x00000000000003a2       0x62 /home/zandar/EUROBOT/eurobot/build/lpceurobot/_compiled/lib/libcan.a(can_baud.o)
 .debug_pubnames
                0x0000000000000404       0x1d /usr/arm-elf/gcc/4.4.3/bin/../lib/gcc/arm-elf/4.4.3/../../../../arm-elf/lib/libg.a(lib_a-memcpy.o)

.debug_info     0x0000000000000000     0x18ea
 *(.debug_info .gnu.linkonce.wi.*)
 .debug_info    0x0000000000000000       0xce /home/zandar/EUROBOT/eurobot/build/lpceurobot/_compiled/lib/crt0.o
 .debug_info    0x00000000000000ce       0xdc /home/zandar/EUROBOT/eurobot/build/lpceurobot/_compiled/lib/initarray.o
 .debug_info    0x00000000000001aa      0x187 /home/zandar/EUROBOT/eurobot/build/lpceurobot/_compiled/lib/hwinit.o
 .debug_info    0x0000000000000331      0x5ec main.o
 .debug_info    0x000000000000091d      0x23b pwrstep.o
 .debug_info    0x0000000000000b58      0x235 uart.o
 .debug_info    0x0000000000000d8d      0x232 /home/zandar/EUROBOT/eurobot/build/lpceurobot/_compiled/lib/libeurobothw.a(error.o)
 .debug_info    0x0000000000000fbf      0x1e9 /home/zandar/EUROBOT/eurobot/build/lpceurobot/_compiled/lib/libeurobothw.a(startcfg.o)
 .debug_info    0x00000000000011a8      0x200 /home/zandar/EUROBOT/eurobot/build/lpceurobot/_compiled/lib/libcan.a(can.o)
 .debug_info    0x00000000000013a8      0x23e /home/zandar/EUROBOT/eurobot/build/lpceurobot/_compiled/lib/libcan.a(can_baud.o)
 .debug_info    0x00000000000015e6       0xb0 /usr/arm-elf/gcc/4.4.3/bin/../lib/gcc/arm-elf/4.4.3/libgcc.a(_udivsi3.o)
 .debug_info    0x0000000000001696       0xb0 /usr/arm-elf/gcc/4.4.3/bin/../lib/gcc/arm-elf/4.4.3/libgcc.a(_divsi3.o)
 .debug_info    0x0000000000001746       0xb0 /usr/arm-elf/gcc/4.4.3/bin/../lib/gcc/arm-elf/4.4.3/libgcc.a(_dvmd_tls.o)
 .debug_info    0x00000000000017f6       0xf4 /usr/arm-elf/gcc/4.4.3/bin/../lib/gcc/arm-elf/4.4.3/../../../../arm-elf/lib/libg.a(lib_a-memcpy.o)

.debug_abbrev   0x0000000000000000      0xb03
 *(.debug_abbrev)
 .debug_abbrev  0x0000000000000000       0x12 /home/zandar/EUROBOT/eurobot/build/lpceurobot/_compiled/lib/crt0.o
 .debug_abbrev  0x0000000000000012       0xa2 /home/zandar/EUROBOT/eurobot/build/lpceurobot/_compiled/lib/initarray.o
 .debug_abbrev  0x00000000000000b4       0xef /home/zandar/EUROBOT/eurobot/build/lpceurobot/_compiled/lib/hwinit.o
 .debug_abbrev  0x00000000000001a3      0x261 main.o
 .debug_abbrev  0x0000000000000404      0x113 pwrstep.o
 .debug_abbrev  0x0000000000000517       0xc1 uart.o
 .debug_abbrev  0x00000000000005d8       0xfe /home/zandar/EUROBOT/eurobot/build/lpceurobot/_compiled/lib/libeurobothw.a(error.o)
 .debug_abbrev  0x00000000000006d6      0x116 /home/zandar/EUROBOT/eurobot/build/lpceurobot/_compiled/lib/libeurobothw.a(startcfg.o)
 .debug_abbrev  0x00000000000007ec      0x131 /home/zandar/EUROBOT/eurobot/build/lpceurobot/_compiled/lib/libcan.a(can.o)
 .debug_abbrev  0x000000000000091d      0x113 /home/zandar/EUROBOT/eurobot/build/lpceurobot/_compiled/lib/libcan.a(can_baud.o)
 .debug_abbrev  0x0000000000000a30       0x14 /usr/arm-elf/gcc/4.4.3/bin/../lib/gcc/arm-elf/4.4.3/libgcc.a(_udivsi3.o)
 .debug_abbrev  0x0000000000000a44       0x14 /usr/arm-elf/gcc/4.4.3/bin/../lib/gcc/arm-elf/4.4.3/libgcc.a(_divsi3.o)
 .debug_abbrev  0x0000000000000a58       0x14 /usr/arm-elf/gcc/4.4.3/bin/../lib/gcc/arm-elf/4.4.3/libgcc.a(_dvmd_tls.o)
 .debug_abbrev  0x0000000000000a6c       0x97 /usr/arm-elf/gcc/4.4.3/bin/../lib/gcc/arm-elf/4.4.3/../../../../arm-elf/lib/libg.a(lib_a-memcpy.o)

.debug_line     0x0000000000000000      0xffa
 *(.debug_line)
 .debug_line    0x0000000000000000       0xd9 /home/zandar/EUROBOT/eurobot/build/lpceurobot/_compiled/lib/crt0.o
 .debug_line    0x00000000000000d9       0xd5 /home/zandar/EUROBOT/eurobot/build/lpceurobot/_compiled/lib/initarray.o
 .debug_line    0x00000000000001ae      0x11a /home/zandar/EUROBOT/eurobot/build/lpceurobot/_compiled/lib/hwinit.o
 .debug_line    0x00000000000002c8      0x2c7 main.o
 .debug_line    0x000000000000058f      0x128 pwrstep.o
 .debug_line    0x00000000000006b7      0x10c uart.o
 .debug_line    0x00000000000007c3      0x113 /home/zandar/EUROBOT/eurobot/build/lpceurobot/_compiled/lib/libeurobothw.a(error.o)
 .debug_line    0x00000000000008d6      0x12c /home/zandar/EUROBOT/eurobot/build/lpceurobot/_compiled/lib/libeurobothw.a(startcfg.o)
 .debug_line    0x0000000000000a02      0x184 /home/zandar/EUROBOT/eurobot/build/lpceurobot/_compiled/lib/libcan.a(can.o)
 .debug_line    0x0000000000000b86      0x1aa /home/zandar/EUROBOT/eurobot/build/lpceurobot/_compiled/lib/libcan.a(can_baud.o)
 .debug_line    0x0000000000000d30       0x9e /usr/arm-elf/gcc/4.4.3/bin/../lib/gcc/arm-elf/4.4.3/libgcc.a(_udivsi3.o)
 .debug_line    0x0000000000000dce       0xaa /usr/arm-elf/gcc/4.4.3/bin/../lib/gcc/arm-elf/4.4.3/libgcc.a(_divsi3.o)
 .debug_line    0x0000000000000e78       0x72 /usr/arm-elf/gcc/4.4.3/bin/../lib/gcc/arm-elf/4.4.3/libgcc.a(_dvmd_tls.o)
 .debug_line    0x0000000000000eea      0x110 /usr/arm-elf/gcc/4.4.3/bin/../lib/gcc/arm-elf/4.4.3/../../../../arm-elf/lib/libg.a(lib_a-memcpy.o)

.debug_frame    0x0000000000000000      0x42c
 *(.debug_frame)
 .debug_frame   0x0000000000000000       0x2c /home/zandar/EUROBOT/eurobot/build/lpceurobot/_compiled/lib/initarray.o
 .debug_frame   0x000000000000002c       0x28 /home/zandar/EUROBOT/eurobot/build/lpceurobot/_compiled/lib/hwinit.o
 .debug_frame   0x0000000000000054       0xfc main.o
 .debug_frame   0x0000000000000150       0x80 pwrstep.o
 .debug_frame   0x00000000000001d0       0x90 uart.o
 .debug_frame   0x0000000000000260       0x20 /home/zandar/EUROBOT/eurobot/build/lpceurobot/_compiled/lib/libeurobothw.a(error.o)
 .debug_frame   0x0000000000000280       0x90 /home/zandar/EUROBOT/eurobot/build/lpceurobot/_compiled/lib/libeurobothw.a(startcfg.o)
 .debug_frame   0x0000000000000310       0x74 /home/zandar/EUROBOT/eurobot/build/lpceurobot/_compiled/lib/libcan.a(can.o)
 .debug_frame   0x0000000000000384       0x38 /home/zandar/EUROBOT/eurobot/build/lpceurobot/_compiled/lib/libcan.a(can_baud.o)
 .debug_frame   0x00000000000003bc       0x28 /usr/arm-elf/gcc/4.4.3/bin/../lib/gcc/arm-elf/4.4.3/libgcc.a(_udivsi3.o)
 .debug_frame   0x00000000000003e4       0x28 /usr/arm-elf/gcc/4.4.3/bin/../lib/gcc/arm-elf/4.4.3/libgcc.a(_divsi3.o)
 .debug_frame   0x000000000000040c       0x20 /usr/arm-elf/gcc/4.4.3/bin/../lib/gcc/arm-elf/4.4.3/../../../../arm-elf/lib/libg.a(lib_a-memcpy.o)

.debug_str      0x0000000000000000      0x773
 *(.debug_str)
 .debug_str     0x0000000000000000       0xf9 /home/zandar/EUROBOT/eurobot/build/lpceurobot/_compiled/lib/initarray.o
                                        0x132 (size before relaxing)
 .debug_str     0x00000000000000f9       0xba /home/zandar/EUROBOT/eurobot/build/lpceurobot/_compiled/lib/hwinit.o
                                        0x15c (size before relaxing)
 .debug_str     0x00000000000001b3      0x1b6 main.o
                                        0x2b5 (size before relaxing)
 .debug_str     0x0000000000000369       0x78 pwrstep.o
                                        0x13d (size before relaxing)
 .debug_str     0x00000000000003e1       0xab uart.o
                                        0x160 (size before relaxing)
 .debug_str     0x000000000000048c       0x61 /home/zandar/EUROBOT/eurobot/build/lpceurobot/_compiled/lib/libeurobothw.a(error.o)
                                         0xe5 (size before relaxing)
 .debug_str     0x00000000000004ed       0xae /home/zandar/EUROBOT/eurobot/build/lpceurobot/_compiled/lib/libeurobothw.a(startcfg.o)
                                        0x14d (size before relaxing)
 .debug_str     0x000000000000059b       0x96 /home/zandar/EUROBOT/eurobot/build/lpceurobot/_compiled/lib/libcan.a(can.o)
                                        0x18d (size before relaxing)
 .debug_str     0x0000000000000631       0x98 /home/zandar/EUROBOT/eurobot/build/lpceurobot/_compiled/lib/libcan.a(can_baud.o)
                                        0x1b1 (size before relaxing)
 .debug_str     0x00000000000006c9       0xaa /usr/arm-elf/gcc/4.4.3/bin/../lib/gcc/arm-elf/4.4.3/../../../../arm-elf/lib/libg.a(lib_a-memcpy.o)
                                        0x146 (size before relaxing)

.debug_loc      0x0000000000000000      0x5e3
 *(.debug_loc)
 .debug_loc     0x0000000000000000       0x1f /home/zandar/EUROBOT/eurobot/build/lpceurobot/_compiled/lib/initarray.o
 .debug_loc     0x000000000000001f       0x1f /home/zandar/EUROBOT/eurobot/build/lpceurobot/_compiled/lib/hwinit.o
 .debug_loc     0x000000000000003e      0x148 main.o
 .debug_loc     0x0000000000000186       0x32 pwrstep.o
 .debug_loc     0x00000000000001b8      0x150 uart.o
 .debug_loc     0x0000000000000308       0x13 /home/zandar/EUROBOT/eurobot/build/lpceurobot/_compiled/lib/libeurobothw.a(error.o)
 .debug_loc     0x000000000000031b      0x11e /home/zandar/EUROBOT/eurobot/build/lpceurobot/_compiled/lib/libeurobothw.a(startcfg.o)
 .debug_loc     0x0000000000000439       0xac /home/zandar/EUROBOT/eurobot/build/lpceurobot/_compiled/lib/libcan.a(can.o)
 .debug_loc     0x00000000000004e5       0xfe /home/zandar/EUROBOT/eurobot/build/lpceurobot/_compiled/lib/libcan.a(can_baud.o)

.debug_macinfo
 *(.debug_macinfo)

.debug_weaknames
 *(.debug_weaknames)

.debug_funcnames
 *(.debug_funcnames)

.debug_typenames
 *(.debug_typenames)

.debug_varnames
 *(.debug_varnames)
LOAD main.o
LOAD pwrstep.o
LOAD uart.o
LOAD /home/zandar/EUROBOT/eurobot/build/lpceurobot/_compiled/lib/libeurobothw.a
LOAD /home/zandar/EUROBOT/eurobot/build/lpceurobot/_compiled/lib/libcan.a
START GROUP
LOAD /usr/arm-elf/gcc/4.4.3/bin/../lib/gcc/arm-elf/4.4.3/libgcc.a
LOAD /usr/arm-elf/gcc/4.4.3/bin/../lib/gcc/arm-elf/4.4.3/../../../../arm-elf/lib/libg.a
LOAD /usr/arm-elf/gcc/4.4.3/bin/../lib/gcc/arm-elf/4.4.3/../../../../arm-elf/lib/libc.a
END GROUP
OUTPUT(/home/zandar/EUROBOT/eurobot/build/lpceurobot/_compiled/bin/eb_pwr-ram elf32-littlearm)

.debug_ranges   0x0000000000000000      0x220
 .debug_ranges  0x0000000000000000       0x20 /home/zandar/EUROBOT/eurobot/build/lpceurobot/_compiled/lib/crt0.o
 .debug_ranges  0x0000000000000020       0x68 /home/zandar/EUROBOT/eurobot/build/lpceurobot/_compiled/lib/hwinit.o
 .debug_ranges  0x0000000000000088       0x98 main.o
 .debug_ranges  0x0000000000000120       0xb0 /home/zandar/EUROBOT/eurobot/build/lpceurobot/_compiled/lib/libeurobothw.a(error.o)
 .debug_ranges  0x00000000000001d0       0x38 /home/zandar/EUROBOT/eurobot/build/lpceurobot/_compiled/lib/libeurobothw.a(startcfg.o)
 .debug_ranges  0x0000000000000208       0x18 /home/zandar/EUROBOT/eurobot/build/lpceurobot/_compiled/lib/libcan.a(can_baud.o)
