Archive member included because of file (symbol)

/media/DATA/programovani/C_mikrokontroler/lpc_board/build/lpceurobot/_compiled/lib/libeurobothw.a(error.o)
                              /media/DATA/programovani/C_mikrokontroler/lpc_board/build/lpceurobot/_compiled/lib/hwinit.o (error)
/media/DATA/programovani/C_mikrokontroler/lpc_board/build/lpceurobot/_compiled/lib/libeurobothw.a(startcfg.o)
                              /media/DATA/programovani/C_mikrokontroler/lpc_board/build/lpceurobot/_compiled/lib/hwinit.o (init_PLL)
/media/DATA/programovani/C_mikrokontroler/lpc_board/build/lpceurobot/_compiled/lib/libebb.a(adc.o)
                              main.o (init_adc)
/media/DATA/programovani/C_mikrokontroler/lpc_board/build/lpceurobot/_compiled/lib/libebb.a(uart.o)
                              uar.o (init_uart0)
/usr/arm-elf/gcc/4.4.4/bin/../lib/gcc/arm-elf/4.4.4/libgcc.a(_divsi3.o)
                              /media/DATA/programovani/C_mikrokontroler/lpc_board/build/lpceurobot/_compiled/lib/libeurobothw.a(startcfg.o) (__divsi3)
/usr/arm-elf/gcc/4.4.4/bin/../lib/gcc/arm-elf/4.4.4/libgcc.a(_dvmd_tls.o)
                              /usr/arm-elf/gcc/4.4.4/bin/../lib/gcc/arm-elf/4.4.4/libgcc.a(_divsi3.o) (__div0)

Allocating common symbols
Common symbol       size              file

adc_val             0x10              main.o
cpu_ref_hz          0x4               main.o
cpu_sys_hz          0x4               main.o
msec_time           0x4               main.o
counter             0x4               main.o
data                0x7d0             main.o

Memory Configuration

Name             Origin             Length             Attributes
FLASH            0x0000000000000000 0x000000000003e000 xr
RAM              0x0000000040000000 0x0000000000004000 rw
*default*        0x0000000000000000 0xffffffffffffffff

Linker script and memory map

LOAD /media/DATA/programovani/C_mikrokontroler/lpc_board/build/lpceurobot/_compiled/lib/crt0.o
LOAD /media/DATA/programovani/C_mikrokontroler/lpc_board/build/lpceurobot/_compiled/lib/initarray.o
LOAD /media/DATA/programovani/C_mikrokontroler/lpc_board/build/lpceurobot/_compiled/lib/hwinit.o
                0x0000000000000400                STACK_SIZE = 0x400

.ivec           0x0000000000000000       0x40
 *(.ivec)
 .ivec          0x0000000000000000       0x40 /media/DATA/programovani/C_mikrokontroler/lpc_board/build/lpceurobot/_compiled/lib/crt0.o
                0x0000000000000000                _boot

.text           0x0000000000000040     0x11a8
 *crt0.o(.text)
 .text          0x0000000000000040      0x114 /media/DATA/programovani/C_mikrokontroler/lpc_board/build/lpceurobot/_compiled/lib/crt0.o
                0x0000000000000040                _mainCRTStartup
                0x0000000000000040                _start
                0x0000000000000040                start
                0x0000000000000124                reset
                0x0000000000000124                abort
                0x0000000000000124                _reset
                0x0000000000000124                exit
 *(.text)
 .text          0x0000000000000154       0x3c /media/DATA/programovani/C_mikrokontroler/lpc_board/build/lpceurobot/_compiled/lib/initarray.o
                0x0000000000000154                __libc_init_array
 .text          0x0000000000000190       0x80 /media/DATA/programovani/C_mikrokontroler/lpc_board/build/lpceurobot/_compiled/lib/hwinit.o
                0x0000000000000190                __hardware_init
 .text          0x0000000000000210      0x2b8 lcd.o
                0x0000000000000210                lcd_wait
                0x0000000000000240                lcd_out_data4
                0x000000000000026c                lcd_write_nibbles
                0x0000000000000308                lcd_write_control
                0x0000000000000324                lcd_init
                0x000000000000047c                lcd_putchar
                0x0000000000000498                lcd_print
 .text          0x00000000000004c8      0x358 main.o
                0x00000000000004c8                set_irq_handler
                0x00000000000004f4                init_timer0
                0x0000000000000530                timer0_irq
                0x0000000000000590                start_button
                0x00000000000005b4                blink_led
                0x0000000000000608                save_adc
                0x0000000000000690                send_message
                0x00000000000006f8                init_periphery
                0x0000000000000768                main
 .text          0x0000000000000820      0x11c uar.o
                0x0000000000000820                init_uart
                0x000000000000084c                uart_get_char
                0x0000000000000850                uart_send_char
                0x0000000000000858                send_rs_int
                0x00000000000008f0                send_rs_str
 .text          0x000000000000093c       0x48 /media/DATA/programovani/C_mikrokontroler/lpc_board/build/lpceurobot/_compiled/lib/libeurobothw.a(error.o)
                0x000000000000093c                error
 .text          0x0000000000000984      0x3bc /media/DATA/programovani/C_mikrokontroler/lpc_board/build/lpceurobot/_compiled/lib/libeurobothw.a(startcfg.o)
                0x0000000000000984                wait
                0x0000000000000988                deb_led
                0x0000000000000a44                init_PLL
                0x0000000000000bb4                get_sys_speed
                0x0000000000000bfc                init_MAM
                0x0000000000000ca0                set_APB
                0x0000000000000cb8                get_apb_speed
 .text          0x0000000000000d40      0x12c /media/DATA/programovani/C_mikrokontroler/lpc_board/build/lpceurobot/_compiled/lib/libebb.a(adc.o)
                0x0000000000000d40                adc_isr
                0x0000000000000e1c                init_adc
 .text          0x0000000000000e6c      0x238 /media/DATA/programovani/C_mikrokontroler/lpc_board/build/lpceurobot/_compiled/lib/libebb.a(uart.o)
                0x0000000000000e6c                init_uart0
                0x0000000000000f3c                uart1GetCh
                0x0000000000000f60                uart0GetCh
                0x0000000000000f84                uart1SendCh
                0x0000000000000fac                uart0SendCh
                0x0000000000000fd4                init_uart1
 .text          0x00000000000010a4      0x140 /usr/arm-elf/gcc/4.4.4/bin/../lib/gcc/arm-elf/4.4.4/libgcc.a(_divsi3.o)
                0x00000000000010a4                __aeabi_idiv
                0x00000000000010a4                __divsi3
                0x00000000000011cc                __aeabi_idivmod
 .text          0x00000000000011e4        0x4 /usr/arm-elf/gcc/4.4.4/bin/../lib/gcc/arm-elf/4.4.4/libgcc.a(_dvmd_tls.o)
                0x00000000000011e4                __aeabi_ldiv0
                0x00000000000011e4                __div0
                0x00000000000011e4                __aeabi_idiv0
 *(.glue_7)
 .glue_7        0x0000000000000000        0x0 linker stubs
 *(.glue_7t)
 .glue_7t       0x0000000000000000        0x0 linker stubs
                0x00000000000011e8                . = ALIGN (0x4)
                0x00000000000011e8                _etext = .

.vfp11_veneer   0x00000000000011e8        0x0
 .vfp11_veneer  0x0000000000000000        0x0 linker stubs

.v4_bx          0x00000000000011e8        0x0
 .v4_bx         0x0000000000000000        0x0 linker stubs

.rodata         0x00000000000011e8       0x14
 *(.rodata)
 *(.rodata*)
 .rodata.str1.4
                0x00000000000011e8       0x14 main.o
                0x00000000000011fc                . = ALIGN (0x4)
                0x00000000000011fc                PROVIDE (__init_array_start, .)

.init_array     0x00000000000011fc        0x4
 *(.init_array)
 .init_array    0x00000000000011fc        0x4 /media/DATA/programovani/C_mikrokontroler/lpc_board/build/lpceurobot/_compiled/lib/hwinit.o
                0x00000000000011fc                fp
                0x0000000000001200                . = ALIGN (0x4)
                0x0000000000001200                PROVIDE (__init_array_end, .)
                0x0000000000001200                _datainit = LOADADDR (.data)

.data           0x0000000040000000        0x0 load address 0x0000000000001200
                0x0000000040000000                _data = .
 *(.data)
 .data          0x0000000040000000        0x0 /media/DATA/programovani/C_mikrokontroler/lpc_board/build/lpceurobot/_compiled/lib/crt0.o
 .data          0x0000000040000000        0x0 /media/DATA/programovani/C_mikrokontroler/lpc_board/build/lpceurobot/_compiled/lib/initarray.o
 .data          0x0000000040000000        0x0 /media/DATA/programovani/C_mikrokontroler/lpc_board/build/lpceurobot/_compiled/lib/hwinit.o
 .data          0x0000000040000000        0x0 lcd.o
 .data          0x0000000040000000        0x0 main.o
 .data          0x0000000040000000        0x0 uar.o
 .data          0x0000000040000000        0x0 /media/DATA/programovani/C_mikrokontroler/lpc_board/build/lpceurobot/_compiled/lib/libeurobothw.a(error.o)
 .data          0x0000000040000000        0x0 /media/DATA/programovani/C_mikrokontroler/lpc_board/build/lpceurobot/_compiled/lib/libeurobothw.a(startcfg.o)
 .data          0x0000000040000000        0x0 /media/DATA/programovani/C_mikrokontroler/lpc_board/build/lpceurobot/_compiled/lib/libebb.a(adc.o)
 .data          0x0000000040000000        0x0 /media/DATA/programovani/C_mikrokontroler/lpc_board/build/lpceurobot/_compiled/lib/libebb.a(uart.o)
 .data          0x0000000040000000        0x0 /usr/arm-elf/gcc/4.4.4/bin/../lib/gcc/arm-elf/4.4.4/libgcc.a(_divsi3.o)
 .data          0x0000000040000000        0x0 /usr/arm-elf/gcc/4.4.4/bin/../lib/gcc/arm-elf/4.4.4/libgcc.a(_dvmd_tls.o)
                0x0000000040000000                . = ALIGN (0x4)
                0x0000000040000000                _edata = .

.bss            0x0000000040000000      0x810 load address 0x0000000000001200
                0x0000000040000000                __bss_start = .
                0x0000000040000000                __bss_start__ = .
 *(.bss)
 .bss           0x0000000040000000        0x0 /media/DATA/programovani/C_mikrokontroler/lpc_board/build/lpceurobot/_compiled/lib/crt0.o
 .bss           0x0000000040000000        0x0 /media/DATA/programovani/C_mikrokontroler/lpc_board/build/lpceurobot/_compiled/lib/initarray.o
 .bss           0x0000000040000000        0x0 /media/DATA/programovani/C_mikrokontroler/lpc_board/build/lpceurobot/_compiled/lib/hwinit.o
 .bss           0x0000000040000000        0x8 lcd.o
 .bss           0x0000000040000008       0x18 main.o
                0x0000000040000008                timer_usec
                0x0000000040000010                timer_msec
                0x0000000040000014                start_measuring
 .bss           0x0000000040000020        0x0 uar.o
 .bss           0x0000000040000020        0x0 /media/DATA/programovani/C_mikrokontroler/lpc_board/build/lpceurobot/_compiled/lib/libeurobothw.a(error.o)
 .bss           0x0000000040000020        0x0 /media/DATA/programovani/C_mikrokontroler/lpc_board/build/lpceurobot/_compiled/lib/libeurobothw.a(startcfg.o)
 .bss           0x0000000040000020        0x0 /media/DATA/programovani/C_mikrokontroler/lpc_board/build/lpceurobot/_compiled/lib/libebb.a(adc.o)
 .bss           0x0000000040000020        0x0 /media/DATA/programovani/C_mikrokontroler/lpc_board/build/lpceurobot/_compiled/lib/libebb.a(uart.o)
 .bss           0x0000000040000020        0x0 /usr/arm-elf/gcc/4.4.4/bin/../lib/gcc/arm-elf/4.4.4/libgcc.a(_divsi3.o)
 .bss           0x0000000040000020        0x0 /usr/arm-elf/gcc/4.4.4/bin/../lib/gcc/arm-elf/4.4.4/libgcc.a(_dvmd_tls.o)
 *(COMMON)
 COMMON         0x0000000040000020      0x7f0 main.o
                0x0000000040000020                adc_val
                0x0000000040000030                cpu_ref_hz
                0x0000000040000034                cpu_sys_hz
                0x0000000040000038                msec_time
                0x000000004000003c                counter
                0x0000000040000040                data
                0x0000000040000810                . = ALIGN (0x4)
                0x0000000040000810                __bss_end__ = .

.stack          0x0000000040000810      0x400 load address 0x0000000000001200
                0x0000000040000c10                . = (. + STACK_SIZE)
 *fill*         0x0000000040000810      0x400 00
                0x0000000040000c10                PROVIDE (_stack, .)
                0x0000000040000c10                _end = .
                0x0000000040000c10                PROVIDE (end, .)

.stab
 *(.stab)

.stabstr
 *(.stabstr)

.stab.excl
 *(.stab.excl)

.stab.exclstr
 *(.stab.exclstr)

.stab.index
 *(.stab.index)

.stab.indexstr
 *(.stab.indexstr)

.ARM.attributes
                0x0000000000000000       0x10
 .ARM.attributes
                0x0000000000000000       0x10 /media/DATA/programovani/C_mikrokontroler/lpc_board/build/lpceurobot/_compiled/lib/crt0.o
 .ARM.attributes
                0x0000000000000010       0x10 /media/DATA/programovani/C_mikrokontroler/lpc_board/build/lpceurobot/_compiled/lib/initarray.o
 .ARM.attributes
                0x0000000000000020       0x10 /media/DATA/programovani/C_mikrokontroler/lpc_board/build/lpceurobot/_compiled/lib/hwinit.o
 .ARM.attributes
                0x0000000000000030       0x10 lcd.o
 .ARM.attributes
                0x0000000000000040       0x10 main.o
 .ARM.attributes
                0x0000000000000050       0x10 uar.o
 .ARM.attributes
                0x0000000000000060       0x10 /media/DATA/programovani/C_mikrokontroler/lpc_board/build/lpceurobot/_compiled/lib/libeurobothw.a(error.o)
 .ARM.attributes
                0x0000000000000070       0x10 /media/DATA/programovani/C_mikrokontroler/lpc_board/build/lpceurobot/_compiled/lib/libeurobothw.a(startcfg.o)
 .ARM.attributes
                0x0000000000000080       0x10 /media/DATA/programovani/C_mikrokontroler/lpc_board/build/lpceurobot/_compiled/lib/libebb.a(adc.o)
 .ARM.attributes
                0x0000000000000090       0x10 /media/DATA/programovani/C_mikrokontroler/lpc_board/build/lpceurobot/_compiled/lib/libebb.a(uart.o)
 .ARM.attributes
                0x00000000000000a0       0x10 /usr/arm-elf/gcc/4.4.4/bin/../lib/gcc/arm-elf/4.4.4/libgcc.a(_divsi3.o)
 .ARM.attributes
                0x00000000000000b0       0x10 /usr/arm-elf/gcc/4.4.4/bin/../lib/gcc/arm-elf/4.4.4/libgcc.a(_dvmd_tls.o)

.comment        0x0000000000000000       0x22
 *(.comment)
 .comment       0x0000000000000000       0x11 /media/DATA/programovani/C_mikrokontroler/lpc_board/build/lpceurobot/_compiled/lib/initarray.o
                                         0x12 (size before relaxing)
 .comment       0x0000000000000000       0x12 /media/DATA/programovani/C_mikrokontroler/lpc_board/build/lpceurobot/_compiled/lib/hwinit.o
 .comment       0x0000000000000000       0x12 lcd.o
 .comment       0x0000000000000000       0x12 main.o
 .comment       0x0000000000000000       0x12 uar.o
 .comment       0x0000000000000011       0x11 /media/DATA/programovani/C_mikrokontroler/lpc_board/build/lpceurobot/_compiled/lib/libeurobothw.a(error.o)
                                         0x12 (size before relaxing)
 .comment       0x0000000000000000       0x12 /media/DATA/programovani/C_mikrokontroler/lpc_board/build/lpceurobot/_compiled/lib/libeurobothw.a(startcfg.o)
 .comment       0x0000000000000000       0x12 /media/DATA/programovani/C_mikrokontroler/lpc_board/build/lpceurobot/_compiled/lib/libebb.a(adc.o)
 .comment       0x0000000000000000       0x12 /media/DATA/programovani/C_mikrokontroler/lpc_board/build/lpceurobot/_compiled/lib/libebb.a(uart.o)

.debug
 *(.debug)

.line
 *(.line)

.debug_srcinfo
 *(.debug_srcinfo)

.debug_sfnames
 *(.debug_sfnames)

.debug_aranges  0x0000000000000000      0x188
 *(.debug_aranges)
 .debug_aranges
                0x0000000000000000       0x28 /media/DATA/programovani/C_mikrokontroler/lpc_board/build/lpceurobot/_compiled/lib/crt0.o
 .debug_aranges
                0x0000000000000028       0x20 /media/DATA/programovani/C_mikrokontroler/lpc_board/build/lpceurobot/_compiled/lib/initarray.o
 .debug_aranges
                0x0000000000000048       0x20 /media/DATA/programovani/C_mikrokontroler/lpc_board/build/lpceurobot/_compiled/lib/hwinit.o
 .debug_aranges
                0x0000000000000068       0x20 lcd.o
 .debug_aranges
                0x0000000000000088       0x20 main.o
 .debug_aranges
                0x00000000000000a8       0x20 uar.o
 .debug_aranges
                0x00000000000000c8       0x20 /media/DATA/programovani/C_mikrokontroler/lpc_board/build/lpceurobot/_compiled/lib/libeurobothw.a(error.o)
 .debug_aranges
                0x00000000000000e8       0x20 /media/DATA/programovani/C_mikrokontroler/lpc_board/build/lpceurobot/_compiled/lib/libeurobothw.a(startcfg.o)
 .debug_aranges
                0x0000000000000108       0x20 /media/DATA/programovani/C_mikrokontroler/lpc_board/build/lpceurobot/_compiled/lib/libebb.a(adc.o)
 .debug_aranges
                0x0000000000000128       0x20 /media/DATA/programovani/C_mikrokontroler/lpc_board/build/lpceurobot/_compiled/lib/libebb.a(uart.o)
 .debug_aranges
                0x0000000000000148       0x20 /usr/arm-elf/gcc/4.4.4/bin/../lib/gcc/arm-elf/4.4.4/libgcc.a(_divsi3.o)
 .debug_aranges
                0x0000000000000168       0x20 /usr/arm-elf/gcc/4.4.4/bin/../lib/gcc/arm-elf/4.4.4/libgcc.a(_dvmd_tls.o)

.debug_pubnames
                0x0000000000000000      0x3bd
 *(.debug_pubnames)
 .debug_pubnames
                0x0000000000000000       0x28 /media/DATA/programovani/C_mikrokontroler/lpc_board/build/lpceurobot/_compiled/lib/initarray.o
 .debug_pubnames
                0x0000000000000028       0x2d /media/DATA/programovani/C_mikrokontroler/lpc_board/build/lpceurobot/_compiled/lib/hwinit.o
 .debug_pubnames
                0x0000000000000055       0x88 lcd.o
 .debug_pubnames
                0x00000000000000dd      0x11d main.o
 .debug_pubnames
                0x00000000000001fa       0x65 uar.o
 .debug_pubnames
                0x000000000000025f       0x1c /media/DATA/programovani/C_mikrokontroler/lpc_board/build/lpceurobot/_compiled/lib/libeurobothw.a(error.o)
 .debug_pubnames
                0x000000000000027b       0x71 /media/DATA/programovani/C_mikrokontroler/lpc_board/build/lpceurobot/_compiled/lib/libeurobothw.a(startcfg.o)
 .debug_pubnames
                0x00000000000002ec       0x37 /media/DATA/programovani/C_mikrokontroler/lpc_board/build/lpceurobot/_compiled/lib/libebb.a(adc.o)
 .debug_pubnames
                0x0000000000000323       0x9a /media/DATA/programovani/C_mikrokontroler/lpc_board/build/lpceurobot/_compiled/lib/libebb.a(uart.o)

.debug_info     0x0000000000000000     0x157e
 *(.debug_info .gnu.linkonce.wi.*)
 .debug_info    0x0000000000000000       0xfc /media/DATA/programovani/C_mikrokontroler/lpc_board/build/lpceurobot/_compiled/lib/crt0.o
 .debug_info    0x00000000000000fc       0xdc /media/DATA/programovani/C_mikrokontroler/lpc_board/build/lpceurobot/_compiled/lib/initarray.o
 .debug_info    0x00000000000001d8      0x187 /media/DATA/programovani/C_mikrokontroler/lpc_board/build/lpceurobot/_compiled/lib/hwinit.o
 .debug_info    0x000000000000035f      0x26a lcd.o
 .debug_info    0x00000000000005c9      0x589 main.o
 .debug_info    0x0000000000000b52      0x186 uar.o
 .debug_info    0x0000000000000cd8      0x232 /media/DATA/programovani/C_mikrokontroler/lpc_board/build/lpceurobot/_compiled/lib/libeurobothw.a(error.o)
 .debug_info    0x0000000000000f0a      0x1e9 /media/DATA/programovani/C_mikrokontroler/lpc_board/build/lpceurobot/_compiled/lib/libeurobothw.a(startcfg.o)
 .debug_info    0x00000000000010f3       0xf6 /media/DATA/programovani/C_mikrokontroler/lpc_board/build/lpceurobot/_compiled/lib/libebb.a(adc.o)
 .debug_info    0x00000000000011e9      0x235 /media/DATA/programovani/C_mikrokontroler/lpc_board/build/lpceurobot/_compiled/lib/libebb.a(uart.o)
 .debug_info    0x000000000000141e       0xb0 /usr/arm-elf/gcc/4.4.4/bin/../lib/gcc/arm-elf/4.4.4/libgcc.a(_divsi3.o)
 .debug_info    0x00000000000014ce       0xb0 /usr/arm-elf/gcc/4.4.4/bin/../lib/gcc/arm-elf/4.4.4/libgcc.a(_dvmd_tls.o)

.debug_abbrev   0x0000000000000000      0x9ab
 *(.debug_abbrev)
 .debug_abbrev  0x0000000000000000       0x12 /media/DATA/programovani/C_mikrokontroler/lpc_board/build/lpceurobot/_compiled/lib/crt0.o
 .debug_abbrev  0x0000000000000012       0xa2 /media/DATA/programovani/C_mikrokontroler/lpc_board/build/lpceurobot/_compiled/lib/initarray.o
 .debug_abbrev  0x00000000000000b4       0xef /media/DATA/programovani/C_mikrokontroler/lpc_board/build/lpceurobot/_compiled/lib/hwinit.o
 .debug_abbrev  0x00000000000001a3      0x135 lcd.o
 .debug_abbrev  0x00000000000002d8      0x1e0 main.o
 .debug_abbrev  0x00000000000004b8      0x140 uar.o
 .debug_abbrev  0x00000000000005f8       0xfe /media/DATA/programovani/C_mikrokontroler/lpc_board/build/lpceurobot/_compiled/lib/libeurobothw.a(error.o)
 .debug_abbrev  0x00000000000006f6      0x116 /media/DATA/programovani/C_mikrokontroler/lpc_board/build/lpceurobot/_compiled/lib/libeurobothw.a(startcfg.o)
 .debug_abbrev  0x000000000000080c       0xb6 /media/DATA/programovani/C_mikrokontroler/lpc_board/build/lpceurobot/_compiled/lib/libebb.a(adc.o)
 .debug_abbrev  0x00000000000008c2       0xc1 /media/DATA/programovani/C_mikrokontroler/lpc_board/build/lpceurobot/_compiled/lib/libebb.a(uart.o)
 .debug_abbrev  0x0000000000000983       0x14 /usr/arm-elf/gcc/4.4.4/bin/../lib/gcc/arm-elf/4.4.4/libgcc.a(_divsi3.o)
 .debug_abbrev  0x0000000000000997       0x14 /usr/arm-elf/gcc/4.4.4/bin/../lib/gcc/arm-elf/4.4.4/libgcc.a(_dvmd_tls.o)

.debug_line     0x0000000000000000      0xd13
 *(.debug_line)
 .debug_line    0x0000000000000000       0xf0 /media/DATA/programovani/C_mikrokontroler/lpc_board/build/lpceurobot/_compiled/lib/crt0.o
 .debug_line    0x00000000000000f0       0xec /media/DATA/programovani/C_mikrokontroler/lpc_board/build/lpceurobot/_compiled/lib/initarray.o
 .debug_line    0x00000000000001dc      0x148 /media/DATA/programovani/C_mikrokontroler/lpc_board/build/lpceurobot/_compiled/lib/hwinit.o
 .debug_line    0x0000000000000324      0x15e lcd.o
 .debug_line    0x0000000000000482      0x246 main.o
 .debug_line    0x00000000000006c8       0xc4 uar.o
 .debug_line    0x000000000000078c      0x141 /media/DATA/programovani/C_mikrokontroler/lpc_board/build/lpceurobot/_compiled/lib/libeurobothw.a(error.o)
 .debug_line    0x00000000000008cd      0x143 /media/DATA/programovani/C_mikrokontroler/lpc_board/build/lpceurobot/_compiled/lib/libeurobothw.a(startcfg.o)
 .debug_line    0x0000000000000a10       0xad /media/DATA/programovani/C_mikrokontroler/lpc_board/build/lpceurobot/_compiled/lib/libebb.a(adc.o)
 .debug_line    0x0000000000000abd      0x13a /media/DATA/programovani/C_mikrokontroler/lpc_board/build/lpceurobot/_compiled/lib/libebb.a(uart.o)
 .debug_line    0x0000000000000bf7       0xaa /usr/arm-elf/gcc/4.4.4/bin/../lib/gcc/arm-elf/4.4.4/libgcc.a(_divsi3.o)
 .debug_line    0x0000000000000ca1       0x72 /usr/arm-elf/gcc/4.4.4/bin/../lib/gcc/arm-elf/4.4.4/libgcc.a(_dvmd_tls.o)

.debug_frame    0x0000000000000000      0x408
 *(.debug_frame)
 .debug_frame   0x0000000000000000       0x2c /media/DATA/programovani/C_mikrokontroler/lpc_board/build/lpceurobot/_compiled/lib/initarray.o
 .debug_frame   0x000000000000002c       0x28 /media/DATA/programovani/C_mikrokontroler/lpc_board/build/lpceurobot/_compiled/lib/hwinit.o
 .debug_frame   0x0000000000000054       0xa0 lcd.o
 .debug_frame   0x00000000000000f4       0xe4 main.o
 .debug_frame   0x00000000000001d8       0x88 uar.o
 .debug_frame   0x0000000000000260       0x20 /media/DATA/programovani/C_mikrokontroler/lpc_board/build/lpceurobot/_compiled/lib/libeurobothw.a(error.o)
 .debug_frame   0x0000000000000280       0x90 /media/DATA/programovani/C_mikrokontroler/lpc_board/build/lpceurobot/_compiled/lib/libeurobothw.a(startcfg.o)
 .debug_frame   0x0000000000000310       0x40 /media/DATA/programovani/C_mikrokontroler/lpc_board/build/lpceurobot/_compiled/lib/libebb.a(adc.o)
 .debug_frame   0x0000000000000350       0x90 /media/DATA/programovani/C_mikrokontroler/lpc_board/build/lpceurobot/_compiled/lib/libebb.a(uart.o)
 .debug_frame   0x00000000000003e0       0x28 /usr/arm-elf/gcc/4.4.4/bin/../lib/gcc/arm-elf/4.4.4/libgcc.a(_divsi3.o)

.debug_str      0x0000000000000000      0x73e
 *(.debug_str)
 .debug_str     0x0000000000000000      0x110 /media/DATA/programovani/C_mikrokontroler/lpc_board/build/lpceurobot/_compiled/lib/initarray.o
                                        0x149 (size before relaxing)
 .debug_str     0x0000000000000110       0xd1 /media/DATA/programovani/C_mikrokontroler/lpc_board/build/lpceurobot/_compiled/lib/hwinit.o
                                        0x173 (size before relaxing)
 .debug_str     0x00000000000001e1       0xae lcd.o
                                        0x10c (size before relaxing)
 .debug_str     0x000000000000028f      0x199 main.o
                                        0x28a (size before relaxing)
 .debug_str     0x0000000000000428       0x93 uar.o
                                         0xa9 (size before relaxing)
 .debug_str     0x00000000000004bb       0x84 /media/DATA/programovani/C_mikrokontroler/lpc_board/build/lpceurobot/_compiled/lib/libeurobothw.a(error.o)
                                         0xfc (size before relaxing)
 .debug_str     0x000000000000053f       0xc0 /media/DATA/programovani/C_mikrokontroler/lpc_board/build/lpceurobot/_compiled/lib/libeurobothw.a(startcfg.o)
                                        0x164 (size before relaxing)
 .debug_str     0x00000000000005ff       0x74 /media/DATA/programovani/C_mikrokontroler/lpc_board/build/lpceurobot/_compiled/lib/libebb.a(adc.o)
                                        0x111 (size before relaxing)
 .debug_str     0x0000000000000673       0xcb /media/DATA/programovani/C_mikrokontroler/lpc_board/build/lpceurobot/_compiled/lib/libebb.a(uart.o)
                                        0x177 (size before relaxing)

.debug_loc      0x0000000000000000      0x5ff
 *(.debug_loc)
 .debug_loc     0x0000000000000000       0x1f /media/DATA/programovani/C_mikrokontroler/lpc_board/build/lpceurobot/_compiled/lib/initarray.o
 .debug_loc     0x000000000000001f       0x1f /media/DATA/programovani/C_mikrokontroler/lpc_board/build/lpceurobot/_compiled/lib/hwinit.o
 .debug_loc     0x000000000000003e       0xf3 lcd.o
 .debug_loc     0x0000000000000131       0xe7 main.o
 .debug_loc     0x0000000000000218       0xf5 uar.o
 .debug_loc     0x000000000000030d       0x13 /media/DATA/programovani/C_mikrokontroler/lpc_board/build/lpceurobot/_compiled/lib/libeurobothw.a(error.o)
 .debug_loc     0x0000000000000320      0x11e /media/DATA/programovani/C_mikrokontroler/lpc_board/build/lpceurobot/_compiled/lib/libeurobothw.a(startcfg.o)
 .debug_loc     0x000000000000043e       0x71 /media/DATA/programovani/C_mikrokontroler/lpc_board/build/lpceurobot/_compiled/lib/libebb.a(adc.o)
 .debug_loc     0x00000000000004af      0x150 /media/DATA/programovani/C_mikrokontroler/lpc_board/build/lpceurobot/_compiled/lib/libebb.a(uart.o)

.debug_macinfo
 *(.debug_macinfo)

.debug_weaknames
 *(.debug_weaknames)

.debug_funcnames
 *(.debug_funcnames)

.debug_typenames
 *(.debug_typenames)

.debug_varnames
 *(.debug_varnames)
LOAD lcd.o
LOAD main.o
LOAD uar.o
LOAD /media/DATA/programovani/C_mikrokontroler/lpc_board/build/lpceurobot/_compiled/lib/libeurobothw.a
LOAD /media/DATA/programovani/C_mikrokontroler/lpc_board/build/lpceurobot/_compiled/lib/libcan.a
LOAD /media/DATA/programovani/C_mikrokontroler/lpc_board/build/lpceurobot/_compiled/lib/libebb.a
START GROUP
LOAD /usr/arm-elf/gcc/4.4.4/bin/../lib/gcc/arm-elf/4.4.4/libgcc.a
LOAD /usr/arm-elf/gcc/4.4.4/bin/../lib/gcc/arm-elf/4.4.4/../../../../arm-elf/lib/libg.a
LOAD /usr/arm-elf/gcc/4.4.4/bin/../lib/gcc/arm-elf/4.4.4/../../../../arm-elf/lib/libc.a
END GROUP
OUTPUT(/media/DATA/programovani/C_mikrokontroler/lpc_board/build/lpceurobot/_compiled/bin/eb_vidle-flash elf32-littlearm)

.debug_ranges   0x0000000000000000      0x368
 .debug_ranges  0x0000000000000000       0x20 /media/DATA/programovani/C_mikrokontroler/lpc_board/build/lpceurobot/_compiled/lib/crt0.o
 .debug_ranges  0x0000000000000020       0x68 /media/DATA/programovani/C_mikrokontroler/lpc_board/build/lpceurobot/_compiled/lib/hwinit.o
 .debug_ranges  0x0000000000000088       0x18 lcd.o
 .debug_ranges  0x00000000000000a0      0x1b0 main.o
 .debug_ranges  0x0000000000000250       0x30 uar.o
 .debug_ranges  0x0000000000000280       0xb0 /media/DATA/programovani/C_mikrokontroler/lpc_board/build/lpceurobot/_compiled/lib/libeurobothw.a(error.o)
 .debug_ranges  0x0000000000000330       0x38 /media/DATA/programovani/C_mikrokontroler/lpc_board/build/lpceurobot/_compiled/lib/libeurobothw.a(startcfg.o)
